Component: ARM Compiler 5.05 update 1 (build 106) Tool: armlink [4d0efa]

==============================================================================

Section Cross References

    startup_stm32f103xb.o(STACK) refers (Special) to heapauxi.o(.text) for __use_two_region_memory
    startup_stm32f103xb.o(HEAP) refers (Special) to heapauxi.o(.text) for __use_two_region_memory
    startup_stm32f103xb.o(RESET) refers (Special) to heapauxi.o(.text) for __use_two_region_memory
    startup_stm32f103xb.o(RESET) refers to startup_stm32f103xb.o(STACK) for __initial_sp
    startup_stm32f103xb.o(RESET) refers to startup_stm32f103xb.o(.text) for Reset_Handler
    startup_stm32f103xb.o(RESET) refers to stm32f1xx_it.o(i.NMI_Handler) for NMI_Handler
    startup_stm32f103xb.o(RESET) refers to stm32f1xx_it.o(i.HardFault_Handler) for HardFault_Handler
    startup_stm32f103xb.o(RESET) refers to stm32f1xx_it.o(i.MemManage_Handler) for MemManage_Handler
    startup_stm32f103xb.o(RESET) refers to stm32f1xx_it.o(i.BusFault_Handler) for BusFault_Handler
    startup_stm32f103xb.o(RESET) refers to stm32f1xx_it.o(i.UsageFault_Handler) for UsageFault_Handler
    startup_stm32f103xb.o(RESET) refers to stm32f1xx_it.o(i.SVC_Handler) for SVC_Handler
    startup_stm32f103xb.o(RESET) refers to stm32f1xx_it.o(i.DebugMon_Handler) for DebugMon_Handler
    startup_stm32f103xb.o(RESET) refers to stm32f1xx_it.o(i.PendSV_Handler) for PendSV_Handler
    startup_stm32f103xb.o(RESET) refers to stm32f1xx_it.o(i.SysTick_Handler) for SysTick_Handler
    startup_stm32f103xb.o(.text) refers (Special) to heapauxi.o(.text) for __use_two_region_memory
    startup_stm32f103xb.o(.text) refers to system_stm32f1xx.o(i.SystemInit) for SystemInit
    startup_stm32f103xb.o(.text) refers to __main.o(!!!main) for __main
    startup_stm32f103xb.o(.text) refers to startup_stm32f103xb.o(HEAP) for Heap_Mem
    startup_stm32f103xb.o(.text) refers to startup_stm32f103xb.o(STACK) for Stack_Mem
    motor.o(i.Motor_Init) refers to stm32f1xx_hal_tim.o(i.HAL_TIM_PWM_Start) for HAL_TIM_PWM_Start
    motor.o(i.Motor_Init) refers to tim.o(.bss) for htim2
    motor.o(i.Motor_Left) refers to tim.o(.bss) for htim2
    motor.o(i.Motor_Right) refers to tim.o(.bss) for htim2
    ultrasonic.o(i.Delay_us) refers to stm32f1xx_hal_rcc.o(i.HAL_RCC_GetHCLKFreq) for HAL_RCC_GetHCLKFreq
    ultrasonic.o(i.GetDistance_Front) refers to ultrasonic.o(i.Ultrasonic_GetDistance_FRONT) for Ultrasonic_GetDistance_FRONT
    ultrasonic.o(i.GetDistance_Front) refers to dmul.o(x$fpl$dmul) for __aeabi_dmul
    ultrasonic.o(i.GetDistance_Front) refers to daddsub_clz.o(x$fpl$dadd) for __aeabi_dadd
    ultrasonic.o(i.GetDistance_Right) refers to ultrasonic.o(i.Ultrasonic_GetDistance_RIGHT) for Ultrasonic_GetDistance_RIGHT
    ultrasonic.o(i.GetDistance_Right) refers to dmul.o(x$fpl$dmul) for __aeabi_dmul
    ultrasonic.o(i.GetDistance_Right) refers to daddsub_clz.o(x$fpl$dadd) for __aeabi_dadd
    ultrasonic.o(i.Ultrasonic_GetDistance_FRONT) refers to stm32f1xx_hal_gpio.o(i.HAL_GPIO_WritePin) for HAL_GPIO_WritePin
    ultrasonic.o(i.Ultrasonic_GetDistance_FRONT) refers to ultrasonic.o(i.Delay_us) for Delay_us
    ultrasonic.o(i.Ultrasonic_GetDistance_FRONT) refers to stm32f1xx_hal.o(i.HAL_GetTick) for HAL_GetTick
    ultrasonic.o(i.Ultrasonic_GetDistance_FRONT) refers to stm32f1xx_hal_gpio.o(i.HAL_GPIO_ReadPin) for HAL_GPIO_ReadPin
    ultrasonic.o(i.Ultrasonic_GetDistance_FRONT) refers to stm32f1xx_hal_rcc.o(i.HAL_RCC_GetHCLKFreq) for HAL_RCC_GetHCLKFreq
    ultrasonic.o(i.Ultrasonic_GetDistance_FRONT) refers to dflt_clz.o(x$fpl$dfltu) for __aeabi_ui2d
    ultrasonic.o(i.Ultrasonic_GetDistance_FRONT) refers to ddiv.o(x$fpl$ddiv) for __aeabi_ddiv
    ultrasonic.o(i.Ultrasonic_GetDistance_FRONT) refers to dmul.o(x$fpl$dmul) for __aeabi_dmul
    ultrasonic.o(i.Ultrasonic_GetDistance_FRONT) refers to scalbn.o(x$fpl$scalbn) for __ARM_scalbn
    ultrasonic.o(i.Ultrasonic_GetDistance_RIGHT) refers to stm32f1xx_hal_gpio.o(i.HAL_GPIO_WritePin) for HAL_GPIO_WritePin
    ultrasonic.o(i.Ultrasonic_GetDistance_RIGHT) refers to ultrasonic.o(i.Delay_us) for Delay_us
    ultrasonic.o(i.Ultrasonic_GetDistance_RIGHT) refers to stm32f1xx_hal.o(i.HAL_GetTick) for HAL_GetTick
    ultrasonic.o(i.Ultrasonic_GetDistance_RIGHT) refers to stm32f1xx_hal_gpio.o(i.HAL_GPIO_ReadPin) for HAL_GPIO_ReadPin
    ultrasonic.o(i.Ultrasonic_GetDistance_RIGHT) refers to stm32f1xx_hal_rcc.o(i.HAL_RCC_GetHCLKFreq) for HAL_RCC_GetHCLKFreq
    ultrasonic.o(i.Ultrasonic_GetDistance_RIGHT) refers to dflt_clz.o(x$fpl$dfltu) for __aeabi_ui2d
    ultrasonic.o(i.Ultrasonic_GetDistance_RIGHT) refers to ddiv.o(x$fpl$ddiv) for __aeabi_ddiv
    ultrasonic.o(i.Ultrasonic_GetDistance_RIGHT) refers to dmul.o(x$fpl$dmul) for __aeabi_dmul
    ultrasonic.o(i.Ultrasonic_GetDistance_RIGHT) refers to scalbn.o(x$fpl$scalbn) for __ARM_scalbn
[...]
    ../Core/Src/system_stm32f1xx.c           0x00000000   Number         0  system_stm32f1xx.o ABSOLUTE
    ../Core/Src/tim.c                        0x00000000   Number         0  tim.o ABSOLUTE
    ../Core/Src/usart.c                      0x00000000   Number         0  usart.o ABSOLUTE
    ../Drivers/STM32F1xx_HAL_Driver/Src/stm32f1xx_hal.c 0x00000000   Number         0  stm32f1xx_hal.o ABSOLUTE
    ../Drivers/STM32F1xx_HAL_Driver/Src/stm32f1xx_hal_cortex.c 0x00000000   Number         0  stm32f1xx_hal_cortex.o ABSOLUTE
    ../Drivers/STM32F1xx_HAL_Driver/Src/stm32f1xx_hal_dma.c 0x00000000   Number         0  stm32f1xx_hal_dma.o ABSOLUTE
    ../Drivers/STM32F1xx_HAL_Driver/Src/stm32f1xx_hal_exti.c 0x00000000   Number         0  stm32f1xx_hal_exti.o ABSOLUTE
    ../Drivers/STM32F1xx_HAL_Driver/Src/stm32f1xx_hal_flash.c 0x00000000   Number         0  stm32f1xx_hal_flash.o ABSOLUTE
    ../Drivers/STM32F1xx_HAL_Driver/Src/stm32f1xx_hal_flash_ex.c 0x00000000   Number         0  stm32f1xx_hal_flash_ex.o ABSOLUTE
    ../Drivers/STM32F1xx_HAL_Driver/Src/stm32f1xx_hal_gpio.c 0x00000000   Number         0  stm32f1xx_hal_gpio.o ABSOLUTE
    ../Drivers/STM32F1xx_HAL_Driver/Src/stm32f1xx_hal_gpio_ex.c 0x00000000   Number         0  stm32f1xx_hal_gpio_ex.o ABSOLUTE
    ../Drivers/STM32F1xx_HAL_Driver/Src/stm32f1xx_hal_pwr.c 0x00000000   Number         0  stm32f1xx_hal_pwr.o ABSOLUTE
    ../Drivers/STM32F1xx_HAL_Driver/Src/stm32f1xx_hal_rcc.c 0x00000000   Number         0  stm32f1xx_hal_rcc.o ABSOLUTE
    ../Drivers/STM32F1xx_HAL_Driver/Src/stm32f1xx_hal_rcc_ex.c 0x00000000   Number         0  stm32f1xx_hal_rcc_ex.o ABSOLUTE
    ../Drivers/STM32F1xx_HAL_Driver/Src/stm32f1xx_hal_tim.c 0x00000000   Number         0  stm32f1xx_hal_tim.o ABSOLUTE
    ../Drivers/STM32F1xx_HAL_Driver/Src/stm32f1xx_hal_tim_ex.c 0x00000000   Number         0  stm32f1xx_hal_tim_ex.o ABSOLUTE
    ../Drivers/STM32F1xx_HAL_Driver/Src/stm32f1xx_hal_uart.c 0x00000000   Number         0  stm32f1xx_hal_uart.o ABSOLUTE
    ../clib/angel/boardlib.s                 0x00000000   Number         0  boardinit3.o ABSOLUTE
    ../clib/angel/boardlib.s                 0x00000000   Number         0  boardinit1.o ABSOLUTE
    ../clib/angel/boardlib.s                 0x00000000   Number         0  boardinit2.o ABSOLUTE
    ../clib/angel/boardlib.s                 0x00000000   Number         0  boardshut.o ABSOLUTE
    ../clib/angel/handlers.s                 0x00000000   Number         0  __scatter_zi.o ABSOLUTE
    ../clib/angel/handlers.s                 0x00000000   Number         0  __scatter_copy.o ABSOLUTE
    ../clib/angel/kernel.s                   0x00000000   Number         0  __rtentry4.o ABSOLUTE
    ../clib/angel/kernel.s                   0x00000000   Number         0  __rtentry.o ABSOLUTE
    ../clib/angel/kernel.s                   0x00000000   Number         0  __rtentry2.o ABSOLUTE
    ../clib/angel/kernel.s                   0x00000000   Number         0  rtexit2.o ABSOLUTE
    ../clib/angel/kernel.s                   0x00000000   Number         0  rtexit.o ABSOLUTE
    ../clib/angel/rt.s                       0x00000000   Number         0  rt_locale_intlibspace.o ABSOLUTE
    ../clib/angel/rt.s                       0x00000000   Number         0  rt_locale.o ABSOLUTE
    ../clib/angel/rt.s                       0x00000000   Number         0  rt_raise.o ABSOLUTE
    ../clib/angel/scatter.s                  0x00000000   Number         0  __scatter.o ABSOLUTE
    ../clib/angel/startup.s                  0x00000000   Number         0  __main.o ABSOLUTE
    ../clib/angel/sys.s                      0x00000000   Number         0  libspace.o ABSOLUTE
    ../clib/angel/sys.s                      0x00000000   Number         0  sys_stackheap_outer.o ABSOLUTE
    ../clib/angel/sys.s                      0x00000000   Number         0  indicate_semi.o ABSOLUTE
    ../clib/angel/sys.s                      0x00000000   Number         0  use_no_semi.o ABSOLUTE
    ../clib/angel/sysapp.c                   0x00000000   Number         0  sys_wrch.o ABSOLUTE
    ../clib/angel/sysapp.c                   0x00000000   Number         0  sys_exit.o ABSOLUTE
    ../clib/angel/sysapp.c                   0x00000000   Number         0  sys_command.o ABSOLUTE
    ../clib/armsys.c                         0x00000000   Number         0  argv_veneer.o ABSOLUTE
    ../clib/armsys.c                         0x00000000   Number         0  _get_argv_nomalloc.o ABSOLUTE
    ../clib/armsys.c                         0x00000000   Number         0  no_argv.o ABSOLUTE
    ../clib/armsys.c                         0x00000000   Number         0  argv_veneer.o ABSOLUTE
    ../clib/bigflt.c                         0x00000000   Number         0  bigflt0.o ABSOLUTE
    ../clib/btod.s                           0x00000000   Number         0  btod.o ABSOLUTE
    ../clib/heapalloc.c                      0x00000000   Number         0  hrguard.o ABSOLUTE
    ../clib/heapaux.c                        0x00000000   Number         0  heapauxi.o ABSOLUTE
    ../clib/libinit.s                        0x00000000   Number         0  libinit2.o ABSOLUTE
    ../clib/libinit.s                        0x00000000   Number         0  libshutdown.o ABSOLUTE
    ../clib/libinit.s                        0x00000000   Number         0  libshutdown2.o ABSOLUTE
    ../clib/libinit.s                        0x00000000   Number         0  libinit.o ABSOLUTE
    ../clib/locale.s                         0x00000000   Number         0  lc_numeric_c.o ABSOLUTE
    ../clib/longlong.s                       0x00000000   Number         0  lludiv10.o ABSOLUTE
    ../clib/longlong.s                       0x00000000   Number         0  llushr.o ABSOLUTE
    ../clib/memcpset.s                       0x00000000   Number         0  rt_memclr_w.o ABSOLUTE
    ../clib/memcpset.s                       0x00000000   Number         0  strcmpv7m.o ABSOLUTE
    ../clib/misc.s                           0x00000000   Number         0  printf_stubs.o ABSOLUTE
    ../clib/printf.c                         0x00000000   Number         0  _printf_char.o ABSOLUTE
    ../clib/printf.c                         0x00000000   Number         0  _snputc.o ABSOLUTE
    ../clib/printf.c                         0x00000000   Number         0  _printf_char_common.o ABSOLUTE
    ../clib/printf.c                         0x00000000   Number         0  _sputc.o ABSOLUTE
    ../clib/printf.c                         0x00000000   Number         0  __printf_wp.o ABSOLUTE
    ../clib/printf.c                         0x00000000   Number         0  __printf_flags_ss.o ABSOLUTE
    ../clib/printf.c                         0x00000000   Number         0  __printf_ss.o ABSOLUTE
    ../clib/printf.c                         0x00000000   Number         0  __printf_flags.o ABSOLUTE
    ../clib/printf.c                         0x00000000   Number         0  _printf_str.o ABSOLUTE
    ../clib/printf.c                         0x00000000   Number         0  __printf.o ABSOLUTE
    ../clib/printf.c                         0x00000000   Number         0  noretval__2snprintf.o ABSOLUTE
    ../clib/printf.c                         0x00000000   Number         0  __2snprintf.o ABSOLUTE
    ../clib/printf.c                         0x00000000   Number         0  __printf_ss_wp.o ABSOLUTE
    ../clib/printf.c                         0x00000000   Number         0  __printf_flags_ss_wp.o ABSOLUTE
    ../clib/printf.c                         0x00000000   Number         0  _printf_fp_infnan.o ABSOLUTE
    ../clib/printf.c                         0x00000000   Number         0  __printf_nopercent.o ABSOLUTE
    ../clib/printf.c                         0x00000000   Number         0  __printf_flags_wp.o ABSOLUTE
    ../clib/printf.c                         0x00000000   Number         0  _printf_fp_dec.o ABSOLUTE
    ../clib/printf_percent.s                 0x00000000   Number         0  _printf_f.o ABSOLUTE
    ../clib/printf_percent.s                 0x00000000   Number         0  _printf_percent.o ABSOLUTE
    ../clib/printf_percent.s                 0x00000000   Number         0  _printf_s.o ABSOLUTE
    ../clib/printf_percent.s                 0x00000000   Number         0  _printf_percent_end.o ABSOLUTE
    ../clib/signal.c                         0x00000000   Number         0  defsig_cppl_inner.o ABSOLUTE
    ../clib/signal.c                         0x00000000   Number         0  defsig_pvfn_inner.o ABSOLUTE
    ../clib/signal.c                         0x00000000   Number         0  defsig_stak_inner.o ABSOLUTE
    ../clib/signal.c                         0x00000000   Number         0  defsig_segv_inner.o ABSOLUTE
    ../clib/signal.c                         0x00000000   Number         0  defsig_rtmem_formal.o ABSOLUTE
    ../clib/signal.c                         0x00000000   Number         0  defsig_rtmem_outer.o ABSOLUTE
    ../clib/signal.c                         0x00000000   Number         0  __raise.o ABSOLUTE
    ../clib/signal.c                         0x00000000   Number         0  defsig_abrt_inner.o ABSOLUTE
    ../clib/signal.c                         0x00000000   Number         0  defsig_exit.o ABSOLUTE
    ../clib/signal.c                         0x00000000   Number         0  defsig_general.o ABSOLUTE
    ../clib/signal.c                         0x00000000   Number         0  defsig_rtmem_inner.o ABSOLUTE
    ../clib/signal.c                         0x00000000   Number         0  defsig_fpe_inner.o ABSOLUTE
    ../clib/signal.c                         0x00000000   Number         0  defsig_rtred_inner.o ABSOLUTE
    ../clib/signal.c                         0x00000000   Number         0  defsig_other.o ABSOLUTE
    ../clib/signal.s                         0x00000000   Number         0  defsig.o ABSOLUTE
    ../clib/stdlib.c                         0x00000000   Number         0  exit.o ABSOLUTE
    ../clib/string.c                         0x00000000   Number         0  strlen.o ABSOLUTE
    ../fplib/daddsub.s                       0x00000000   Number         0  daddsub_clz.o ABSOLUTE
    ../fplib/dcheck1.s                       0x00000000   Number         0  dcheck1.o ABSOLUTE
    ../fplib/dcmpi.s                         0x00000000   Number         0  dcmpi.o ABSOLUTE
    ../fplib/ddiv.s                          0x00000000   Number         0  ddiv.o ABSOLUTE
    ../fplib/dfix.s                          0x00000000   Number         0  dfix.o ABSOLUTE
    ../fplib/dflt.s                          0x00000000   Number         0  dflt_clz.o ABSOLUTE
    ../fplib/dleqf.s                         0x00000000   Number         0  dleqf.o ABSOLUTE
    ../fplib/dmul.s                          0x00000000   Number         0  dmul.o ABSOLUTE
    ../fplib/dnaninf.s                       0x00000000   Number         0  dnaninf.o ABSOLUTE
    ../fplib/dretinf.s                       0x00000000   Number         0  dretinf.o ABSOLUTE
    ../fplib/drleqf.s                        0x00000000   Number         0  drleqf.o ABSOLUTE
    ../fplib/fpinit.s                        0x00000000   Number         0  fpinit.o ABSOLUTE
    ../fplib/istatus.s                       0x00000000   Number         0  istatus.o ABSOLUTE
    ../fplib/printf1.s                       0x00000000   Number         0  printf1.o ABSOLUTE
    ../fplib/retnan.s                        0x00000000   Number         0  retnan.o ABSOLUTE
    ../fplib/scalbn.s                        0x00000000   Number         0  scalbn.o ABSOLUTE
    ../fplib/trapv.s                         0x00000000   Number         0  trapv.o ABSOLUTE
    ../fplib/usenofp.s                       0x00000000   Number         0  usenofp.o ABSOLUTE
    ../mathlib/fpclassify.c                  0x00000000   Number         0  fpclassify.o ABSOLUTE
    ..\Core\Src\blue_tooth.c                 0x00000000   Number         0  blue_tooth.o ABSOLUTE
    ..\Core\Src\gpio.c                       0x00000000   Number         0  gpio.o ABSOLUTE
    ..\Core\Src\main.c                       0x00000000   Number         0  main.o ABSOLUTE
    ..\Core\Src\motor.c                      0x00000000   Number         0  motor.o ABSOLUTE
    ..\Core\Src\stm32f1xx_hal_msp.c          0x00000000   Number         0  stm32f1xx_hal_msp.o ABSOLUTE
    ..\Core\Src\stm32f1xx_it.c               0x00000000   Number         0  stm32f1xx_it.o ABSOLUTE
    ..\Core\Src\system_stm32f1xx.c           0x00000000   Number         0  system_stm32f1xx.o ABSOLUTE
    ..\Core\Src\tim.c                        0x00000000   Number         0  tim.o ABSOLUTE
    ..\Core\Src\ultrasonic.c                 0x00000000   Number         0  ultrasonic.o ABSOLUTE
    ..\Core\Src\usart.c                      0x00000000   Number         0  usart.o ABSOLUTE
    ..\Drivers\STM32F1xx_HAL_Driver\Src\stm32f1xx_hal.c 0x00000000   Number         0  stm32f1xx_hal.o ABSOLUTE
    ..\Drivers\STM32F1xx_HAL_Driver\Src\stm32f1xx_hal_cortex.c 0x00000000   Number         0  stm32f1xx_hal_cortex.o ABSOLUTE
    ..\Drivers\STM32F1xx_HAL_Driver\Src\stm32f1xx_hal_dma.c 0x00000000   Number         0  stm32f1xx_hal_dma.o ABSOLUTE
    ..\Drivers\STM32F1xx_HAL_Driver\Src\stm32f1xx_hal_exti.c 0x00000000   Number         0  stm32f1xx_hal_exti.o ABSOLUTE
    ..\Drivers\STM32F1xx_HAL_Driver\Src\stm32f1xx_hal_flash.c 0x00000000   Number         0  stm32f1xx_hal_flash.o ABSOLUTE
    ..\Drivers\STM32F1xx_HAL_Driver\Src\stm32f1xx_hal_flash_ex.c 0x00000000   Number         0  stm32f1xx_hal_flash_ex.o ABSOLUTE
    ..\Drivers\STM32F1xx_HAL_Driver\Src\stm32f1xx_hal_gpio.c 0x00000000   Number         0  stm32f1xx_hal_gpio.o ABSOLUTE
    ..\Drivers\STM32F1xx_HAL_Driver\Src\stm32f1xx_hal_gpio_ex.c 0x00000000   Number         0  stm32f1xx_hal_gpio_ex.o ABSOLUTE
    ..\Drivers\STM32F1xx_HAL_Driver\Src\stm32f1xx_hal_pwr.c 0x00000000   Number         0  stm32f1xx_hal_pwr.o ABSOLUTE
    ..\Drivers\STM32F1xx_HAL_Driver\Src\stm32f1xx_hal_rcc.c 0x00000000   Number         0  stm32f1xx_hal_rcc.o ABSOLUTE
    ..\Drivers\STM32F1xx_HAL_Driver\Src\stm32f1xx_hal_rcc_ex.c 0x00000000   Number         0  stm32f1xx_hal_rcc_ex.o ABSOLUTE
    ..\Drivers\STM32F1xx_HAL_Driver\Src\stm32f1xx_hal_tim.c 0x00000000   Number         0  stm32f1xx_hal_tim.o ABSOLUTE
    ..\Drivers\STM32F1xx_HAL_Driver\Src\stm32f1xx_hal_tim_ex.c 0x00000000   Number         0  stm32f1xx_hal_tim_ex.o ABSOLUTE
    ..\Drivers\STM32F1xx_HAL_Driver\Src\stm32f1xx_hal_uart.c 0x00000000   Number         0  stm32f1xx_hal_uart.o ABSOLUTE
    ..\\Core\\Src\\blue_tooth.c              0x00000000   Number         0  blue_tooth.o ABSOLUTE
    ..\\Core\\Src\\motor.c                   0x00000000   Number         0  motor.o ABSOLUTE
    ..\\Core\\Src\\ultrasonic.c              0x00000000   Number         0  ultrasonic.o ABSOLUTE
    dc.s                                     0x00000000   Number         0  dc.o ABSOLUTE
    startup_stm32f103xb.s                    0x00000000   Number         0  startup_stm32f103xb.o ABSOLUTE
    RESET                                    0x08000000   Section      236  startup_stm32f103xb.o(RESET)
    !!!main                                  0x080000ec   Section        8  __main.o(!!!main)
    !!!scatter                               0x080000f4   Section       52  __scatter.o(!!!scatter)
    !!handler_copy                           0x08000128   Section       26  __scatter_copy.o(!!handler_copy)
    !!handler_zi                             0x08000144   Section       28  __scatter_zi.o(!!handler_zi)
    .ARM.Collect$$_printf_percent$$00000000  0x08000160   Section        0  _printf_percent.o(.ARM.Collect$$_printf_percent$$00000000)
    .ARM.Collect$$_printf_percent$$00000003  0x08000160   Section        6  _printf_f.o(.ARM.Collect$$_printf_percent$$00000003)
    .ARM.Collect$$_printf_percent$$00000014  0x08000166   Section        6  _printf_s.o(.ARM.Collect$$_printf_percent$$00000014)
    .ARM.Collect$$_printf_percent$$00000017  0x0800016c   Section        4  _printf_percent_end.o(.ARM.Collect$$_printf_percent$$00000017)
    .ARM.Collect$$libinit$$00000000          0x08000170   Section        2  libinit.o(.ARM.Collect$$libinit$$00000000)
    .ARM.Collect$$libinit$$00000002          0x08000172   Section        0  libinit2.o(.ARM.Collect$$libinit$$00000002)
    .ARM.Collect$$libinit$$00000004          0x08000172   Section        0  libinit2.o(.ARM.Collect$$libinit$$00000004)
    .ARM.Collect$$libinit$$0000000A          0x08000172   Section        0  libinit2.o(.ARM.Collect$$libinit$$0000000A)
    .ARM.Collect$$libinit$$0000000C          0x08000172   Section        0  libinit2.o(.ARM.Collect$$libinit$$0000000C)
    .ARM.Collect$$libinit$$0000000E          0x08000172   Section        0  libinit2.o(.ARM.Collect$$libinit$$0000000E)
    .ARM.Collect$$libinit$$0000000F          0x08000172   Section        6  libinit2.o(.ARM.Collect$$libinit$$0000000F)
    .ARM.Collect$$libinit$$00000011          0x08000178   Section        0  libinit2.o(.ARM.Collect$$libinit$$00000011)
    .ARM.Collect$$libinit$$00000013          0x08000178   Section        0  libinit2.o(.ARM.Collect$$libinit$$00000013)
    .ARM.Collect$$libinit$$00000015          0x08000178   Section        0  libinit2.o(.ARM.Collect$$libinit$$00000015)
    .ARM.Collect$$libinit$$00000016          0x08000178   Section       10  libinit2.o(.ARM.Collect$$libinit$$00000016)
    .ARM.Collect$$libinit$$00000017          0x08000182   Section        0  libinit2.o(.ARM.Collect$$libinit$$00000017)
    .ARM.Collect$$libinit$$00000019          0x08000182   Section        0  libinit2.o(.ARM.Collect$$libinit$$00000019)
    .ARM.Collect$$libinit$$0000001B          0x08000182   Section        0  libinit2.o(.ARM.Collect$$libinit$$0000001B)
    .ARM.Collect$$libinit$$0000001D          0x08000182   Section        0  libinit2.o(.ARM.Collect$$libinit$$0000001D)
    .ARM.Collect$$libinit$$0000001F          0x08000182   Section        0  libinit2.o(.ARM.Collect$$libinit$$0000001F)
    .ARM.Collect$$libinit$$00000021          0x08000182   Section        0  libinit2.o(.ARM.Collect$$libinit$$00000021)
    .ARM.Collect$$libinit$$00000023          0x08000182   Section        0  libinit2.o(.ARM.Collect$$libinit$$00000023)
    .ARM.Collect$$libinit$$00000025          0x08000182   Section        0  libinit2.o(.ARM.Collect$$libinit$$00000025)
    .ARM.Collect$$libinit$$0000002C          0x08000182   Section        0  libinit2.o(.ARM.Collect$$libinit$$0000002C)
    .ARM.Collect$$libinit$$0000002E          0x08000182   Section        0  libinit2.o(.ARM.Collect$$libinit$$0000002E)
    .ARM.Collect$$libinit$$00000030          0x08000182   Section        0  libinit2.o(.ARM.Collect$$libinit$$00000030)
    .ARM.Collect$$libinit$$00000032          0x08000182   Section        0  libinit2.o(.ARM.Collect$$libinit$$00000032)
    .ARM.Collect$$libinit$$00000033          0x08000182   Section        2  libinit2.o(.ARM.Collect$$libinit$$00000033)
    .ARM.Collect$$libshutdown$$00000000      0x08000184   Section        2  libshutdown.o(.ARM.Collect$$libshutdown$$00000000)
    .ARM.Collect$$libshutdown$$00000003      0x08000186   Section        0  libshutdown2.o(.ARM.Collect$$libshutdown$$00000003)
    .ARM.Collect$$libshutdown$$00000006      0x08000186   Section        0  libshutdown2.o(.ARM.Collect$$libshutdown$$00000006)
    .ARM.Collect$$libshutdown$$00000009      0x08000186   Section        0  libshutdown2.o(.ARM.Collect$$libshutdown$$00000009)
    .ARM.Collect$$libshutdown$$0000000B      0x08000186   Section        0  libshutdown2.o(.ARM.Collect$$libshutdown$$0000000B)
    .ARM.Collect$$libshutdown$$0000000E      0x08000186   Section        0  libshutdown2.o(.ARM.Collect$$libshutdown$$0000000E)
    .ARM.Collect$$libshutdown$$0000000F      0x08000186   Section        2  libshutdown2.o(.ARM.Collect$$libshutdown$$0000000F)
    .ARM.Collect$$rtentry$$00000000          0x08000188   Section        0  __rtentry.o(.ARM.Collect$$rtentry$$00000000)
    .ARM.Collect$$rtentry$$00000002          0x08000188   Section        0  __rtentry2.o(.ARM.Collect$$rtentry$$00000002)
    .ARM.Collect$$rtentry$$00000004          0x08000188   Section        6  __rtentry4.o(.ARM.Collect$$rtentry$$00000004)
    .ARM.Collect$$rtentry$$00000009          0x0800018e   Section        0  __rtentry2.o(.ARM.Collect$$rtentry$$00000009)
    .ARM.Collect$$rtentry$$0000000A          0x0800018e   Section        4  __rtentry2.o(.ARM.Collect$$rtentry$$0000000A)
    .ARM.Collect$$rtentry$$0000000C          0x08000192   Section        0  __rtentry2.o(.ARM.Collect$$rtentry$$0000000C)
    .ARM.Collect$$rtentry$$0000000D          0x08000192   Section        8  __rtentry2.o(.ARM.Collect$$rtentry$$0000000D)
    .ARM.Collect$$rtexit$$00000000           0x0800019a   Section        2  rtexit.o(.ARM.Collect$$rtexit$$00000000)
    .ARM.Collect$$rtexit$$00000002           0x0800019c   Section        0  rtexit2.o(.ARM.Collect$$rtexit$$00000002)
    .ARM.Collect$$rtexit$$00000003           0x0800019c   Section        4  rtexit2.o(.ARM.Collect$$rtexit$$00000003)
    .ARM.Collect$$rtexit$$00000004           0x080001a0   Section        6  rtexit2.o(.ARM.Collect$$rtexit$$00000004)
    .text                                    0x080001a8   Section       64  startup_stm32f103xb.o(.text)
    .text                                    0x080001e8   Section        0  noretval__2snprintf.o(.text)
    .text                                    0x0800021c   Section        0  _printf_str.o(.text)
    .text                                    0x0800026e   Section        0  __printf_wp.o(.text)
    .text                                    0x0800037c   Section        0  strlen.o(.text)
    .text                                    0x080003ba   Section       78  rt_memclr_w.o(.text)
    .text                                    0x08000408   Section        0  heapauxi.o(.text)
    .text                                    0x0800040e   Section        0  _printf_fp_dec.o(.text)
    _fp_digits                               0x08000411   Thumb Code   428  _printf_fp_dec.o(.text)
    .text                                    0x08000828   Section        0  _printf_char_common.o(.text)
    _printf_input_char                       0x08000829   Thumb Code    10  _printf_char_common.o(.text)
    .text                                    0x08000858   Section        0  _sputc.o(.text)
    .text                                    0x08000862   Section        0  _snputc.o(.text)
    .text                                    0x08000872   Section        0  _printf_char.o(.text)
    .text                                    0x080008a0   Section        8  rt_locale_intlibspace.o(.text)
    .text                                    0x080008a8   Section      138  lludiv10.o(.text)
    .text                                    0x08000934   Section        0  _printf_fp_infnan.o(.text)
    .text                                    0x080009b4   Section        0  bigflt0.o(.text)
    .text                                    0x08000a90   Section        8  libspace.o(.text)
    .text                                    0x08000a98   Section       74  sys_stackheap_outer.o(.text)
    .text                                    0x08000ae2   Section        0  exit.o(.text)
    .text                                    0x08000af0   Section      128  strcmpv7m.o(.text)
    .text                                    0x08000b70   Section        0  sys_exit.o(.text)
    .text                                    0x08000b7c   Section        2  use_no_semi.o(.text)
    .text                                    0x08000b7e   Section        0  indicate_semi.o(.text)
    CL$$btod_d2e                             0x08000b7e   Section       62  btod.o(CL$$btod_d2e)
    CL$$btod_d2e_denorm_low                  0x08000bbc   Section       70  btod.o(CL$$btod_d2e_denorm_low)
    CL$$btod_d2e_norm_op1                    0x08000c02   Section       96  btod.o(CL$$btod_d2e_norm_op1)
    CL$$btod_div_common                      0x08000c62   Section      824  btod.o(CL$$btod_div_common)
    CL$$btod_e2e                             0x08000f9a   Section      198  btod.o(CL$$btod_e2e)
    CL$$btod_ediv                            0x08001060   Section       40  btod.o(CL$$btod_ediv)
    CL$$btod_emul                            0x08001088   Section       40  btod.o(CL$$btod_emul)
    CL$$btod_mult_common                     0x080010b0   Section      580  btod.o(CL$$btod_mult_common)
    i.Bluetooth_Init                         0x080012f4   Section        0  blue_tooth.o(i.Bluetooth_Init)
    i.Bluetooth_Receive                      0x08001318   Section        0  blue_tooth.o(i.Bluetooth_Receive)
    i.Bluetooth_Receive_PID                  0x08001328   Section        0  blue_tooth.o(i.Bluetooth_Receive_PID)
    i.Bluetooth_SendDouble                   0x080013dc   Section        0  blue_tooth.o(i.Bluetooth_SendDouble)
    i.Bluetooth_SendPID                      0x08001414   Section        0  blue_tooth.o(i.Bluetooth_SendPID)
    i.Bluetooth_SendString                   0x08001464   Section        0  blue_tooth.o(i.Bluetooth_SendString)
    i.BusFault_Handler                       0x08001498   Section        0  stm32f1xx_it.o(i.BusFault_Handler)
    i.DWT_Init                               0x0800149c   Section        0  main.o(i.DWT_Init)
    i.DebugMon_Handler                       0x080014c0   Section        0  stm32f1xx_it.o(i.DebugMon_Handler)
    i.Delay_us                               0x080014c4   Section        0  ultrasonic.o(i.Delay_us)
    Delay_us                                 0x080014c5   Thumb Code    30  ultrasonic.o(i.Delay_us)
    i.Error_Handler                          0x080014ec   Section        0  main.o(i.Error_Handler)
    i.GetDistance_Right                      0x080014f0   Section        0  ultrasonic.o(i.GetDistance_Right)
    i.HAL_Delay                              0x08001538   Section        0  stm32f1xx_hal.o(i.HAL_Delay)
    i.HAL_GPIO_Init                          0x0800155c   Section        0  stm32f1xx_hal_gpio.o(i.HAL_GPIO_Init)
    i.HAL_GPIO_ReadPin                       0x0800173c   Section        0  stm32f1xx_hal_gpio.o(i.HAL_GPIO_ReadPin)
    i.HAL_GPIO_WritePin                      0x08001746   Section        0  stm32f1xx_hal_gpio.o(i.HAL_GPIO_WritePin)
    i.HAL_GetTick                            0x08001750   Section        0  stm32f1xx_hal.o(i.HAL_GetTick)
    i.HAL_IncTick                            0x0800175c   Section        0  stm32f1xx_hal.o(i.HAL_IncTick)
    i.HAL_Init                               0x0800176c   Section        0  stm32f1xx_hal.o(i.HAL_Init)
    i.HAL_InitTick                           0x08001790   Section        0  stm32f1xx_hal.o(i.HAL_InitTick)
    i.HAL_MspInit                            0x080017d0   Section        0  stm32f1xx_hal_msp.o(i.HAL_MspInit)
    i.HAL_NVIC_SetPriority                   0x0800180c   Section        0  stm32f1xx_hal_cortex.o(i.HAL_NVIC_SetPriority)
    i.HAL_NVIC_SetPriorityGrouping           0x0800184c   Section        0  stm32f1xx_hal_cortex.o(i.HAL_NVIC_SetPriorityGrouping)
    i.HAL_RCC_ClockConfig                    0x08001870   Section        0  stm32f1xx_hal_rcc.o(i.HAL_RCC_ClockConfig)
    i.HAL_RCC_GetHCLKFreq                    0x0800199c   Section        0  stm32f1xx_hal_rcc.o(i.HAL_RCC_GetHCLKFreq)
    i.HAL_RCC_GetPCLK1Freq                   0x080019a8   Section        0  stm32f1xx_hal_rcc.o(i.HAL_RCC_GetPCLK1Freq)
    i.HAL_RCC_GetPCLK2Freq                   0x080019c8   Section        0  stm32f1xx_hal_rcc.o(i.HAL_RCC_GetPCLK2Freq)
    i.HAL_RCC_GetSysClockFreq                0x080019e8   Section        0  stm32f1xx_hal_rcc.o(i.HAL_RCC_GetSysClockFreq)
    i.HAL_RCC_OscConfig                      0x08001a54   Section        0  stm32f1xx_hal_rcc.o(i.HAL_RCC_OscConfig)
    i.HAL_SYSTICK_Config                     0x08001d74   Section        0  stm32f1xx_hal_cortex.o(i.HAL_SYSTICK_Config)
    i.HAL_TIMEx_MasterConfigSynchronization  0x08001d9c   Section        0  stm32f1xx_hal_tim_ex.o(i.HAL_TIMEx_MasterConfigSynchronization)
    i.HAL_TIM_MspPostInit                    0x08001e04   Section        0  tim.o(i.HAL_TIM_MspPostInit)
    i.HAL_TIM_PWM_ConfigChannel              0x08001e4c   Section        0  stm32f1xx_hal_tim.o(i.HAL_TIM_PWM_ConfigChannel)
    i.HAL_TIM_PWM_Init                       0x08001f12   Section        0  stm32f1xx_hal_tim.o(i.HAL_TIM_PWM_Init)
    i.HAL_TIM_PWM_MspInit                    0x08001f6c   Section        0  tim.o(i.HAL_TIM_PWM_MspInit)
    i.HAL_TIM_PWM_Start                      0x08001f90   Section        0  stm32f1xx_hal_tim.o(i.HAL_TIM_PWM_Start)
    i.HAL_UART_Init                          0x0800202c   Section        0  stm32f1xx_hal_uart.o(i.HAL_UART_Init)
    i.HAL_UART_MspInit                       0x08002090   Section        0  usart.o(i.HAL_UART_MspInit)
    i.HAL_UART_Receive                       0x08002100   Section        0  stm32f1xx_hal_uart.o(i.HAL_UART_Receive)
    i.HAL_UART_Transmit                      0x080021bc   Section        0  stm32f1xx_hal_uart.o(i.HAL_UART_Transmit)
    i.HardFault_Handler                      0x0800226e   Section        0  stm32f1xx_it.o(i.HardFault_Handler)
    i.MX_GPIO_Init                           0x08002270   Section        0  gpio.o(i.MX_GPIO_Init)
    i.MX_TIM2_Init                           0x08002300   Section        0  tim.o(i.MX_TIM2_Init)
    i.MX_USART3_UART_Init                    0x080023a0   Section        0  usart.o(i.MX_USART3_UART_Init)
    i.MemManage_Handler                      0x080023d8   Section        0  stm32f1xx_it.o(i.MemManage_Handler)
    i.Motor_Init                             0x080023dc   Section        0  motor.o(i.Motor_Init)
    i.Motor_Left                             0x08002408   Section        0  motor.o(i.Motor_Left)
    i.Motor_Right                            0x08002444   Section        0  motor.o(i.Motor_Right)
    i.NMI_Handler                            0x08002480   Section        0  stm32f1xx_it.o(i.NMI_Handler)
    i.PendSV_Handler                         0x08002482   Section        0  stm32f1xx_it.o(i.PendSV_Handler)
    i.SVC_Handler                            0x08002484   Section        0  stm32f1xx_it.o(i.SVC_Handler)
    i.SysTick_Handler                        0x08002486   Section        0  stm32f1xx_it.o(i.SysTick_Handler)
    i.SystemClock_Config                     0x0800248a   Section        0  main.o(i.SystemClock_Config)
    i.SystemInit                             0x080024e8   Section        0  system_stm32f1xx.o(i.SystemInit)
    i.TIM_Base_SetConfig                     0x080024ec   Section        0  stm32f1xx_hal_tim.o(i.TIM_Base_SetConfig)
    i.TIM_CCxChannelCmd                      0x08002558   Section        0  stm32f1xx_hal_tim.o(i.TIM_CCxChannelCmd)
    i.TIM_OC1_SetConfig                      0x08002574   Section        0  stm32f1xx_hal_tim.o(i.TIM_OC1_SetConfig)
    TIM_OC1_SetConfig                        0x08002575   Thumb Code    74  stm32f1xx_hal_tim.o(i.TIM_OC1_SetConfig)
    i.TIM_OC2_SetConfig                      0x080025c4   Section        0  stm32f1xx_hal_tim.o(i.TIM_OC2_SetConfig)
    i.TIM_OC3_SetConfig                      0x0800261c   Section        0  stm32f1xx_hal_tim.o(i.TIM_OC3_SetConfig)
    TIM_OC3_SetConfig                        0x0800261d   Thumb Code    82  stm32f1xx_hal_tim.o(i.TIM_OC3_SetConfig)
    i.TIM_OC4_SetConfig                      0x08002674   Section        0  stm32f1xx_hal_tim.o(i.TIM_OC4_SetConfig)
    TIM_OC4_SetConfig                        0x08002675   Thumb Code    64  stm32f1xx_hal_tim.o(i.TIM_OC4_SetConfig)
    i.UART_SetConfig                         0x080026b8   Section        0  stm32f1xx_hal_uart.o(i.UART_SetConfig)
    UART_SetConfig                           0x080026b9   Thumb Code   178  stm32f1xx_hal_uart.o(i.UART_SetConfig)
    i.UART_WaitOnFlagUntilTimeout            0x08002770   Section        0  stm32f1xx_hal_uart.o(i.UART_WaitOnFlagUntilTimeout)
    UART_WaitOnFlagUntilTimeout              0x08002771   Thumb Code   100  stm32f1xx_hal_uart.o(i.UART_WaitOnFlagUntilTimeout)
    i.Ultrasonic_GetDistance_FRONT           0x080027d4   Section        0  ultrasonic.o(i.Ultrasonic_GetDistance_FRONT)
    i.Ultrasonic_GetDistance_RIGHT           0x08002890   Section        0  ultrasonic.o(i.Ultrasonic_GetDistance_RIGHT)
    i.UsageFault_Handler                     0x0800294c   Section        0  stm32f1xx_it.o(i.UsageFault_Handler)
    i.__ARM_fpclassify                       0x0800294e   Section        0  fpclassify.o(i.__ARM_fpclassify)
    i.__NVIC_SetPriority                     0x08002976   Section        0  stm32f1xx_hal_cortex.o(i.__NVIC_SetPriority)
    __NVIC_SetPriority                       0x08002977   Thumb Code    32  stm32f1xx_hal_cortex.o(i.__NVIC_SetPriority)
    i._is_digit                              0x08002996   Section        0  __printf_wp.o(i._is_digit)
    i.main                                   0x080029a4   Section        0  main.o(i.main)
    locale$$code                             0x08002c6c   Section       44  lc_numeric_c.o(locale$$code)
    x$fpl$dadd                               0x08002c98   Section      336  daddsub_clz.o(x$fpl$dadd)
    _dadd1                                   0x08002ca9   Thumb Code     0  daddsub_clz.o(x$fpl$dadd)
    x$fpl$dcheck1                            0x08002de8   Section       16  dcheck1.o(x$fpl$dcheck1)
    x$fpl$dcmpinf                            0x08002df8   Section       24  dcmpi.o(x$fpl$dcmpinf)
    x$fpl$ddiv                               0x08002e10   Section      688  ddiv.o(x$fpl$ddiv)
    ddiv_entry                               0x08002e17   Thumb Code     0  ddiv.o(x$fpl$ddiv)
    x$fpl$dfix                               0x080030c0   Section       94  dfix.o(x$fpl$dfix)
    x$fpl$dflt                               0x0800311e   Section       46  dflt_clz.o(x$fpl$dflt)
    x$fpl$dfltu                              0x0800314c   Section       38  dflt_clz.o(x$fpl$dfltu)
    x$fpl$dleqf                              0x08003174   Section      120  dleqf.o(x$fpl$dleqf)
    x$fpl$dmul                               0x080031ec   Section      340  dmul.o(x$fpl$dmul)
    x$fpl$dnaninf                            0x08003340   Section      156  dnaninf.o(x$fpl$dnaninf)
    x$fpl$dretinf                            0x080033dc   Section       12  dretinf.o(x$fpl$dretinf)
    x$fpl$drleqf                             0x080033e8   Section      108  drleqf.o(x$fpl$drleqf)
    x$fpl$dsub                               0x08003454   Section      468  daddsub_clz.o(x$fpl$dsub)
    _dsub1                                   0x08003465   Thumb Code     0  daddsub_clz.o(x$fpl$dsub)
    x$fpl$printf1                            0x08003628   Section        4  printf1.o(x$fpl$printf1)
    x$fpl$retnan                             0x0800362c   Section      100  retnan.o(x$fpl$retnan)
    x$fpl$scalbn                             0x08003690   Section       92  scalbn.o(x$fpl$scalbn)
    x$fpl$trapveneer                         0x080036ec   Section       48  trapv.o(x$fpl$trapveneer)
    .constdata                               0x0800371c   Section       16  system_stm32f1xx.o(.constdata)
    x$fpl$usenofp                            0x0800371c   Section        0  usenofp.o(x$fpl$usenofp)
    .constdata                               0x0800372c   Section        8  system_stm32f1xx.o(.constdata)
    .constdata                               0x08003734   Section      148  bigflt0.o(.constdata)
    tenpwrs_x                                0x08003734   Data          60  bigflt0.o(.constdata)
    tenpwrs_i                                0x08003770   Data          64  bigflt0.o(.constdata)
    locale$$data                             0x080037e8   Section       28  lc_numeric_c.o(locale$$data)
    __lcnum_c_name                           0x080037ec   Data           2  lc_numeric_c.o(locale$$data)
    __lcnum_c_start                          0x080037f4   Data           0  lc_numeric_c.o(locale$$data)
    __lcnum_c_point                          0x08003800   Data           0  lc_numeric_c.o(locale$$data)
    __lcnum_c_thousands                      0x08003802   Data           0  lc_numeric_c.o(locale$$data)
    __lcnum_c_grouping                       0x08003803   Data           0  lc_numeric_c.o(locale$$data)
    __lcnum_c_end                            0x08003804   Data           0  lc_numeric_c.o(locale$$data)
    .data                                    0x20000000   Section       12  stm32f1xx_hal.o(.data)
    .data                                    0x2000000c   Section        4  system_stm32f1xx.o(.data)
    .bss                                     0x20000010   Section       72  tim.o(.bss)
    .bss                                     0x20000058   Section       64  usart.o(.bss)
    .bss                                     0x20000098   Section       96  libspace.o(.bss)
    HEAP                                     0x200000f8   Section      512  startup_stm32f103xb.o(HEAP)
    Heap_Mem                                 0x200000f8   Data         512  startup_stm32f103xb.o(HEAP)
    STACK                                    0x200002f8   Section     1024  startup_stm32f103xb.o(STACK)
    Stack_Mem                                0x200002f8   Data        1024  startup_stm32f103xb.o(STACK)
    __initial_sp                             0x200006f8   Data           0  startup_stm32f103xb.o(STACK)

    Global Symbols

    Symbol Name                              Value     Ov Type        Size  Object(Section)

    BuildAttributes$$THM_ISAv4$P$D$K$B$S$PE$A:L22UL41UL21$X:L11$S22US41US21$IEEE1$IW$USESV6$~STKCKD$USESV7$~SHL$OTIME$ROPI$IEEEJ$EBA8$UX$STANDARDLIB$REQ8$PRES8$EABIv2 0x00000000   Number         0  anon$$obj.o ABSOLUTE
    __ARM_use_no_argv                        0x00000000   Number         0  main.o ABSOLUTE
    _printf_flags                            0x00000000   Number         0  printf_stubs.o ABSOLUTE
    _printf_return_value                     0x00000000   Number         0  printf_stubs.o ABSOLUTE
    _printf_sizespec                         0x00000000   Number         0  printf_stubs.o ABSOLUTE
    _printf_widthprec                        0x00000000   Number         0  printf_stubs.o ABSOLUTE
    __ARM_exceptions_init                     - Undefined Weak Reference
    __alloca_initialize                       - Undefined Weak Reference
    __arm_preinit_                            - Undefined Weak Reference
    __cpp_initialize__aeabi_                  - Undefined Weak Reference
    __cxa_finalize                            - Undefined Weak Reference
    __sigvec_lookup                           - Undefined Weak Reference
    _atexit_init                              - Undefined Weak Reference
    _call_atexit_fns                          - Undefined Weak Reference
    _clock_init                               - Undefined Weak Reference
    _fp_trap_init                             - Undefined Weak Reference
    _fp_trap_shutdown                         - Undefined Weak Reference
    _get_lc_collate                           - Undefined Weak Reference
    _get_lc_ctype                             - Undefined Weak Reference
    _get_lc_monetary                          - Undefined Weak Reference
    _get_lc_time                              - Undefined Weak Reference
    _getenv_init                              - Undefined Weak Reference
    _handle_redirection                       - Undefined Weak Reference
    _init_alloc                               - Undefined Weak Reference
    _init_user_alloc                          - Undefined Weak Reference
    _initio                                   - Undefined Weak Reference
    _printf_mbtowc                            - Undefined Weak Reference
    _printf_post_padding                      - Undefined Weak Reference
    _printf_pre_padding                       - Undefined Weak Reference
    _rand_init                                - Undefined Weak Reference
    _signal_finish                            - Undefined Weak Reference
    _signal_init                              - Undefined Weak Reference
    _terminate_alloc                          - Undefined Weak Reference
    _terminate_user_alloc                     - Undefined Weak Reference
    _terminateio                              - Undefined Weak Reference
    __Vectors_Size                           0x000000ec   Number         0  startup_stm32f103xb.o ABSOLUTE
    __Vectors                                0x08000000   Data           4  startup_stm32f103xb.o(RESET)
    __Vectors_End                            0x080000ec   Data           0  startup_stm32f103xb.o(RESET)
    __main                                   0x080000ed   Thumb Code     8  __main.o(!!!main)
    __scatterload                            0x080000f5   Thumb Code     0  __scatter.o(!!!scatter)
    __scatterload_rt2                        0x080000f5   Thumb Code    44  __scatter.o(!!!scatter)
    __scatterload_rt2_thumb_only             0x080000f5   Thumb Code     0  __scatter.o(!!!scatter)
    __scatterload_null                       0x08000103   Thumb Code     0  __scatter.o(!!!scatter)
    __scatterload_copy                       0x08000129   Thumb Code    26  __scatter_copy.o(!!handler_copy)
    __scatterload_zeroinit                   0x08000145   Thumb Code    28  __scatter_zi.o(!!handler_zi)
    _printf_f                                0x08000161   Thumb Code     0  _printf_f.o(.ARM.Collect$$_printf_percent$$00000003)
    _printf_percent                          0x08000161   Thumb Code     0  _printf_percent.o(.ARM.Collect$$_printf_percent$$00000000)
    _printf_s                                0x08000167   Thumb Code     0  _printf_s.o(.ARM.Collect$$_printf_percent$$00000014)
    _printf_percent_end                      0x0800016d   Thumb Code     0  _printf_percent_end.o(.ARM.Collect$$_printf_percent$$00000017)
    __rt_lib_init                            0x08000171   Thumb Code     0  libinit.o(.ARM.Collect$$libinit$$00000000)
    __rt_lib_init_fp_1                       0x08000173   Thumb Code     0  libinit2.o(.ARM.Collect$$libinit$$00000002)
    __rt_lib_init_heap_1                     0x08000173   Thumb Code     0  libinit2.o(.ARM.Collect$$libinit$$0000000A)
    __rt_lib_init_lc_common                  0x08000173   Thumb Code     0  libinit2.o(.ARM.Collect$$libinit$$0000000F)
    __rt_lib_init_preinit_1                  0x08000173   Thumb Code     0  libinit2.o(.ARM.Collect$$libinit$$00000004)
    __rt_lib_init_rand_1                     0x08000173   Thumb Code     0  libinit2.o(.ARM.Collect$$libinit$$0000000E)
    __rt_lib_init_user_alloc_1               0x08000173   Thumb Code     0  libinit2.o(.ARM.Collect$$libinit$$0000000C)
    __rt_lib_init_lc_collate_1               0x08000179   Thumb Code     0  libinit2.o(.ARM.Collect$$libinit$$00000011)
    __rt_lib_init_lc_ctype_1                 0x08000179   Thumb Code     0  libinit2.o(.ARM.Collect$$libinit$$00000013)
    __rt_lib_init_lc_monetary_1              0x08000179   Thumb Code     0  libinit2.o(.ARM.Collect$$libinit$$00000015)
    __rt_lib_init_lc_numeric_2               0x08000179   Thumb Code     0  libinit2.o(.ARM.Collect$$libinit$$00000016)
    __rt_lib_init_alloca_1                   0x08000183   Thumb Code     0  libinit2.o(.ARM.Collect$$libinit$$0000002E)
    __rt_lib_init_argv_1                     0x08000183   Thumb Code     0  libinit2.o(.ARM.Collect$$libinit$$0000002C)
    __rt_lib_init_atexit_1                   0x08000183   Thumb Code     0  libinit2.o(.ARM.Collect$$libinit$$0000001B)
    __rt_lib_init_clock_1                    0x08000183   Thumb Code     0  libinit2.o(.ARM.Collect$$libinit$$00000021)
    __rt_lib_init_cpp_1                      0x08000183   Thumb Code     0  libinit2.o(.ARM.Collect$$libinit$$00000032)
    __rt_lib_init_exceptions_1               0x08000183   Thumb Code     0  libinit2.o(.ARM.Collect$$libinit$$00000030)
    __rt_lib_init_fp_trap_1                  0x08000183   Thumb Code     0  libinit2.o(.ARM.Collect$$libinit$$0000001F)
    __rt_lib_init_getenv_1                   0x08000183   Thumb Code     0  libinit2.o(.ARM.Collect$$libinit$$00000023)
    __rt_lib_init_lc_numeric_1               0x08000183   Thumb Code     0  libinit2.o(.ARM.Collect$$libinit$$00000017)
    __rt_lib_init_lc_time_1                  0x08000183   Thumb Code     0  libinit2.o(.ARM.Collect$$libinit$$00000019)
    __rt_lib_init_return                     0x08000183   Thumb Code     0  libinit2.o(.ARM.Collect$$libinit$$00000033)
    __rt_lib_init_signal_1                   0x08000183   Thumb Code     0  libinit2.o(.ARM.Collect$$libinit$$0000001D)
    __rt_lib_init_stdio_1                    0x08000183   Thumb Code     0  libinit2.o(.ARM.Collect$$libinit$$00000025)
    __rt_lib_shutdown                        0x08000185   Thumb Code     0  libshutdown.o(.ARM.Collect$$libshutdown$$00000000)
    __rt_lib_shutdown_fp_trap_1              0x08000187   Thumb Code     0  libshutdown2.o(.ARM.Collect$$libshutdown$$00000006)
    __rt_lib_shutdown_heap_1                 0x08000187   Thumb Code     0  libshutdown2.o(.ARM.Collect$$libshutdown$$0000000E)
    __rt_lib_shutdown_return                 0x08000187   Thumb Code     0  libshutdown2.o(.ARM.Collect$$libshutdown$$0000000F)
    __rt_lib_shutdown_signal_1               0x08000187   Thumb Code     0  libshutdown2.o(.ARM.Collect$$libshutdown$$00000009)
    __rt_lib_shutdown_stdio_1                0x08000187   Thumb Code     0  libshutdown2.o(.ARM.Collect$$libshutdown$$00000003)
    __rt_lib_shutdown_user_alloc_1           0x08000187   Thumb Code     0  libshutdown2.o(.ARM.Collect$$libshutdown$$0000000B)
    __rt_entry                               0x08000189   Thumb Code     0  __rtentry.o(.ARM.Collect$$rtentry$$00000000)
    __rt_entry_presh_1                       0x08000189   Thumb Code     0  __rtentry2.o(.ARM.Collect$$rtentry$$00000002)
    __rt_entry_sh                            0x08000189   Thumb Code     0  __rtentry4.o(.ARM.Collect$$rtentry$$00000004)
    __rt_entry_li                            0x0800018f   Thumb Code     0  __rtentry2.o(.ARM.Collect$$rtentry$$0000000A)
    __rt_entry_postsh_1                      0x0800018f   Thumb Code     0  __rtentry2.o(.ARM.Collect$$rtentry$$00000009)
    __rt_entry_main                          0x08000193   Thumb Code     0  __rtentry2.o(.ARM.Collect$$rtentry$$0000000D)
    __rt_entry_postli_1                      0x08000193   Thumb Code     0  __rtentry2.o(.ARM.Collect$$rtentry$$0000000C)
    __rt_exit                                0x0800019b   Thumb Code     0  rtexit.o(.ARM.Collect$$rtexit$$00000000)
    __rt_exit_ls                             0x0800019d   Thumb Code     0  rtexit2.o(.ARM.Collect$$rtexit$$00000003)
    __rt_exit_prels_1                        0x0800019d   Thumb Code     0  rtexit2.o(.ARM.Collect$$rtexit$$00000002)
    __rt_exit_exit                           0x080001a1   Thumb Code     0  rtexit2.o(.ARM.Collect$$rtexit$$00000004)
    Reset_Handler                            0x080001a9   Thumb Code     8  startup_stm32f103xb.o(.text)
    ADC1_2_IRQHandler                        0x080001c3   Thumb Code     0  startup_stm32f103xb.o(.text)
    CAN1_RX1_IRQHandler                      0x080001c3   Thumb Code     0  startup_stm32f103xb.o(.text)
    CAN1_SCE_IRQHandler                      0x080001c3   Thumb Code     0  startup_stm32f103xb.o(.text)
    DMA1_Channel1_IRQHandler                 0x080001c3   Thumb Code     0  startup_stm32f103xb.o(.text)
    DMA1_Channel2_IRQHandler                 0x080001c3   Thumb Code     0  startup_stm32f103xb.o(.text)
    DMA1_Channel3_IRQHandler                 0x080001c3   Thumb Code     0  startup_stm32f103xb.o(.text)
    DMA1_Channel4_IRQHandler                 0x080001c3   Thumb Code     0  startup_stm32f103xb.o(.text)
    DMA1_Channel5_IRQHandler                 0x080001c3   Thumb Code     0  startup_stm32f103xb.o(.text)
    DMA1_Channel6_IRQHandler                 0x080001c3   Thumb Code     0  startup_stm32f103xb.o(.text)
    DMA1_Channel7_IRQHandler                 0x080001c3   Thumb Code     0  startup_stm32f103xb.o(.text)
    EXTI0_IRQHandler                         0x080001c3   Thumb Code     0  startup_stm32f103xb.o(.text)
    EXTI15_10_IRQHandler                     0x080001c3   Thumb Code     0  startup_stm32f103xb.o(.text)
    EXTI1_IRQHandler                         0x080001c3   Thumb Code     0  startup_stm32f103xb.o(.text)
    EXTI2_IRQHandler                         0x080001c3   Thumb Code     0  startup_stm32f103xb.o(.text)
    EXTI3_IRQHandler                         0x080001c3   Thumb Code     0  startup_stm32f103xb.o(.text)
    EXTI4_IRQHandler                         0x080001c3   Thumb Code     0  startup_stm32f103xb.o(.text)
    EXTI9_5_IRQHandler                       0x080001c3   Thumb Code     0  startup_stm32f103xb.o(.text)
    FLASH_IRQHandler                         0x080001c3   Thumb Code     0  startup_stm32f103xb.o(.text)
    I2C1_ER_IRQHandler                       0x080001c3   Thumb Code     0  startup_stm32f103xb.o(.text)
    I2C1_EV_IRQHandler                       0x080001c3   Thumb Code     0  startup_stm32f103xb.o(.text)
    I2C2_ER_IRQHandler                       0x080001c3   Thumb Code     0  startup_stm32f103xb.o(.text)
    I2C2_EV_IRQHandler                       0x080001c3   Thumb Code     0  startup_stm32f103xb.o(.text)
    PVD_IRQHandler                           0x080001c3   Thumb Code     0  startup_stm32f103xb.o(.text)
    RCC_IRQHandler                           0x080001c3   Thumb Code     0  startup_stm32f103xb.o(.text)
    RTC_Alarm_IRQHandler                     0x080001c3   Thumb Code     0  startup_stm32f103xb.o(.text)
    RTC_IRQHandler                           0x080001c3   Thumb Code     0  startup_stm32f103xb.o(.text)
    SPI1_IRQHandler                          0x080001c3   Thumb Code     0  startup_stm32f103xb.o(.text)
    SPI2_IRQHandler                          0x080001c3   Thumb Code     0  startup_stm32f103xb.o(.text)
    TAMPER_IRQHandler                        0x080001c3   Thumb Code     0  startup_stm32f103xb.o(.text)
    TIM1_BRK_IRQHandler                      0x080001c3   Thumb Code     0  startup_stm32f103xb.o(.text)
    TIM1_CC_IRQHandler                       0x080001c3   Thumb Code     0  startup_stm32f103xb.o(.text)
    TIM1_TRG_COM_IRQHandler                  0x080001c3   Thumb Code     0  startup_stm32f103xb.o(.text)
    TIM1_UP_IRQHandler                       0x080001c3   Thumb Code     0  startup_stm32f103xb.o(.text)
    TIM2_IRQHandler                          0x080001c3   Thumb Code     0  startup_stm32f103xb.o(.text)
    TIM3_IRQHandler                          0x080001c3   Thumb Code     0  startup_stm32f103xb.o(.text)
    TIM4_IRQHandler                          0x080001c3   Thumb Code     0  startup_stm32f103xb.o(.text)
    USART1_IRQHandler                        0x080001c3   Thumb Code     0  startup_stm32f103xb.o(.text)
    USART2_IRQHandler                        0x080001c3   Thumb Code     0  startup_stm32f103xb.o(.text)
    USART3_IRQHandler                        0x080001c3   Thumb Code     0  startup_stm32f103xb.o(.text)
    USBWakeUp_IRQHandler                     0x080001c3   Thumb Code     0  startup_stm32f103xb.o(.text)
    USB_HP_CAN1_TX_IRQHandler                0x080001c3   Thumb Code     0  startup_stm32f103xb.o(.text)
    USB_LP_CAN1_RX0_IRQHandler               0x080001c3   Thumb Code     0  startup_stm32f103xb.o(.text)
    WWDG_IRQHandler                          0x080001c3   Thumb Code     0  startup_stm32f103xb.o(.text)
    __user_initial_stackheap                 0x080001c5   Thumb Code     0  startup_stm32f103xb.o(.text)
    __2snprintf                              0x080001e9   Thumb Code    48  noretval__2snprintf.o(.text)
    _printf_str                              0x0800021d   Thumb Code    82  _printf_str.o(.text)
    __printf                                 0x0800026f   Thumb Code   270  __printf_wp.o(.text)
    strlen                                   0x0800037d   Thumb Code    62  strlen.o(.text)
    __aeabi_memclr4                          0x080003bb   Thumb Code     0  rt_memclr_w.o(.text)
    __aeabi_memclr8                          0x080003bb   Thumb Code     0  rt_memclr_w.o(.text)
    __rt_memclr_w                            0x080003bb   Thumb Code    78  rt_memclr_w.o(.text)
    _memset_w                                0x080003bf   Thumb Code     0  rt_memclr_w.o(.text)
    __use_two_region_memory                  0x08000409   Thumb Code     2  heapauxi.o(.text)
    __rt_heap_escrow$2region                 0x0800040b   Thumb Code     2  heapauxi.o(.text)
    __rt_heap_expand$2region                 0x0800040d   Thumb Code     2  heapauxi.o(.text)
    __lib_sel_fp_printf                      0x0800040f   Thumb Code     2  _printf_fp_dec.o(.text)
    _printf_fp_dec_real                      0x080005bd   Thumb Code   620  _printf_fp_dec.o(.text)
    _printf_char_common                      0x08000833   Thumb Code    32  _printf_char_common.o(.text)
    _sputc                                   0x08000859   Thumb Code    10  _sputc.o(.text)
    _snputc                                  0x08000863   Thumb Code    16  _snputc.o(.text)
    _printf_cs_common                        0x08000873   Thumb Code    20  _printf_char.o(.text)
    _printf_char                             0x08000887   Thumb Code    16  _printf_char.o(.text)
    _printf_string                           0x08000897   Thumb Code     8  _printf_char.o(.text)
    __rt_locale                              0x080008a1   Thumb Code     8  rt_locale_intlibspace.o(.text)
    _ll_udiv10                               0x080008a9   Thumb Code   138  lludiv10.o(.text)
    _printf_fp_infnan                        0x08000935   Thumb Code   112  _printf_fp_infnan.o(.text)
    _btod_etento                             0x080009b5   Thumb Code   216  bigflt0.o(.text)
    __user_libspace                          0x08000a91   Thumb Code     8  libspace.o(.text)
    __user_perproc_libspace                  0x08000a91   Thumb Code     0  libspace.o(.text)
    __user_perthread_libspace                0x08000a91   Thumb Code     0  libspace.o(.text)
    __user_setup_stackheap                   0x08000a99   Thumb Code    74  sys_stackheap_outer.o(.text)
    exit                                     0x08000ae3   Thumb Code    12  exit.o(.text)
    strcmp                                   0x08000af1   Thumb Code   128  strcmpv7m.o(.text)
    _sys_exit                                0x08000b71   Thumb Code     8  sys_exit.o(.text)
    __I$use$semihosting                      0x08000b7d   Thumb Code     0  use_no_semi.o(.text)
    __use_no_semihosting_swi                 0x08000b7d   Thumb Code     2  use_no_semi.o(.text)
    __semihosting_library_function           0x08000b7f   Thumb Code     0  indicate_semi.o(.text)
    _btod_d2e                                0x08000b7f   Thumb Code    62  btod.o(CL$$btod_d2e)
    _d2e_denorm_low                          0x08000bbd   Thumb Code    70  btod.o(CL$$btod_d2e_denorm_low)
    _d2e_norm_op1                            0x08000c03   Thumb Code    96  btod.o(CL$$btod_d2e_norm_op1)
    __btod_div_common                        0x08000c63   Thumb Code   696  btod.o(CL$$btod_div_common)
    _e2e                                     0x08000f9b   Thumb Code   198  btod.o(CL$$btod_e2e)
    _btod_ediv                               0x08001061   Thumb Code    40  btod.o(CL$$btod_ediv)
    _btod_emul                               0x08001089   Thumb Code    40  btod.o(CL$$btod_emul)
    __btod_mult_common                       0x080010b1   Thumb Code   580  btod.o(CL$$btod_mult_common)
    Bluetooth_Init                           0x080012f5   Thumb Code     6  blue_tooth.o(i.Bluetooth_Init)
    Bluetooth_Receive                        0x08001319   Thumb Code    12  blue_tooth.o(i.Bluetooth_Receive)
    Bluetooth_Receive_PID                    0x08001329   Thumb Code   172  blue_tooth.o(i.Bluetooth_Receive_PID)
    Bluetooth_SendDouble                     0x080013dd   Thumb Code    44  blue_tooth.o(i.Bluetooth_SendDouble)
    Bluetooth_SendPID                        0x08001415   Thumb Code    46  blue_tooth.o(i.Bluetooth_SendPID)
    Bluetooth_SendString                     0x08001465   Thumb Code    42  blue_tooth.o(i.Bluetooth_SendString)
    BusFault_Handler                         0x08001499   Thumb Code     2  stm32f1xx_it.o(i.BusFault_Handler)
    DWT_Init                                 0x0800149d   Thumb Code    26  main.o(i.DWT_Init)
    DebugMon_Handler                         0x080014c1   Thumb Code     2  stm32f1xx_it.o(i.DebugMon_Handler)
    Error_Handler                            0x080014ed   Thumb Code     4  main.o(i.Error_Handler)
    GetDistance_Right                        0x080014f1   Thumb Code    58  ultrasonic.o(i.GetDistance_Right)
    HAL_Delay                                0x08001539   Thumb Code    32  stm32f1xx_hal.o(i.HAL_Delay)
    HAL_GPIO_Init                            0x0800155d   Thumb Code   446  stm32f1xx_hal_gpio.o(i.HAL_GPIO_Init)
    HAL_GPIO_ReadPin                         0x0800173d   Thumb Code    10  stm32f1xx_hal_gpio.o(i.HAL_GPIO_ReadPin)
    HAL_GPIO_WritePin                        0x08001747   Thumb Code    10  stm32f1xx_hal_gpio.o(i.HAL_GPIO_WritePin)
    HAL_GetTick                              0x08001751   Thumb Code     6  stm32f1xx_hal.o(i.HAL_GetTick)
    HAL_IncTick                              0x0800175d   Thumb Code    12  stm32f1xx_hal.o(i.HAL_IncTick)
    HAL_Init                                 0x0800176d   Thumb Code    32  stm32f1xx_hal.o(i.HAL_Init)
    HAL_InitTick                             0x08001791   Thumb Code    54  stm32f1xx_hal.o(i.HAL_InitTick)
    HAL_MspInit                              0x080017d1   Thumb Code    52  stm32f1xx_hal_msp.o(i.HAL_MspInit)
    HAL_NVIC_SetPriority                     0x0800180d   Thumb Code    60  stm32f1xx_hal_cortex.o(i.HAL_NVIC_SetPriority)
    HAL_NVIC_SetPriorityGrouping             0x0800184d   Thumb Code    26  stm32f1xx_hal_cortex.o(i.HAL_NVIC_SetPriorityGrouping)
    HAL_RCC_ClockConfig                      0x08001871   Thumb Code   280  stm32f1xx_hal_rcc.o(i.HAL_RCC_ClockConfig)
    HAL_RCC_GetHCLKFreq                      0x0800199d   Thumb Code     6  stm32f1xx_hal_rcc.o(i.HAL_RCC_GetHCLKFreq)
    HAL_RCC_GetPCLK1Freq                     0x080019a9   Thumb Code    20  stm32f1xx_hal_rcc.o(i.HAL_RCC_GetPCLK1Freq)
    HAL_RCC_GetPCLK2Freq                     0x080019c9   Thumb Code    20  stm32f1xx_hal_rcc.o(i.HAL_RCC_GetPCLK2Freq)
    HAL_RCC_GetSysClockFreq                  0x080019e9   Thumb Code    74  stm32f1xx_hal_rcc.o(i.HAL_RCC_GetSysClockFreq)
    HAL_RCC_OscConfig                        0x08001a55   Thumb Code   778  stm32f1xx_hal_rcc.o(i.HAL_RCC_OscConfig)
    HAL_SYSTICK_Config                       0x08001d75   Thumb Code    40  stm32f1xx_hal_cortex.o(i.HAL_SYSTICK_Config)
    HAL_TIMEx_MasterConfigSynchronization    0x08001d9d   Thumb Code    92  stm32f1xx_hal_tim_ex.o(i.HAL_TIMEx_MasterConfigSynchronization)
    HAL_TIM_MspPostInit                      0x08001e05   Thumb Code    62  tim.o(i.HAL_TIM_MspPostInit)
    HAL_TIM_PWM_ConfigChannel                0x08001e4d   Thumb Code   198  stm32f1xx_hal_tim.o(i.HAL_TIM_PWM_ConfigChannel)
    HAL_TIM_PWM_Init                         0x08001f13   Thumb Code    90  stm32f1xx_hal_tim.o(i.HAL_TIM_PWM_Init)
    HAL_TIM_PWM_MspInit                      0x08001f6d   Thumb Code    30  tim.o(i.HAL_TIM_PWM_MspInit)
    HAL_TIM_PWM_Start                        0x08001f91   Thumb Code   144  stm32f1xx_hal_tim.o(i.HAL_TIM_PWM_Start)
    HAL_UART_Init                            0x0800202d   Thumb Code    98  stm32f1xx_hal_uart.o(i.HAL_UART_Init)
    HAL_UART_MspInit                         0x08002091   Thumb Code   100  usart.o(i.HAL_UART_MspInit)
    HAL_UART_Receive                         0x08002101   Thumb Code   188  stm32f1xx_hal_uart.o(i.HAL_UART_Receive)
    HAL_UART_Transmit                        0x080021bd   Thumb Code   178  stm32f1xx_hal_uart.o(i.HAL_UART_Transmit)
    HardFault_Handler                        0x0800226f   Thumb Code     2  stm32f1xx_it.o(i.HardFault_Handler)
    MX_GPIO_Init                             0x08002271   Thumb Code   136  gpio.o(i.MX_GPIO_Init)
    MX_TIM2_Init                             0x08002301   Thumb Code   154  tim.o(i.MX_TIM2_Init)
    MX_USART3_UART_Init                      0x080023a1   Thumb Code    48  usart.o(i.MX_USART3_UART_Init)
    MemManage_Handler                        0x080023d9   Thumb Code     2  stm32f1xx_it.o(i.MemManage_Handler)
    Motor_Init                               0x080023dd   Thumb Code    38  motor.o(i.Motor_Init)
    Motor_Left                               0x08002409   Thumb Code    56  motor.o(i.Motor_Left)
    Motor_Right                              0x08002445   Thumb Code    56  motor.o(i.Motor_Right)
    NMI_Handler                              0x08002481   Thumb Code     2  stm32f1xx_it.o(i.NMI_Handler)
    PendSV_Handler                           0x08002483   Thumb Code     2  stm32f1xx_it.o(i.PendSV_Handler)
    SVC_Handler                              0x08002485   Thumb Code     2  stm32f1xx_it.o(i.SVC_Handler)
    SysTick_Handler                          0x08002487   Thumb Code     4  stm32f1xx_it.o(i.SysTick_Handler)
    SystemClock_Config                       0x0800248b   Thumb Code    94  main.o(i.SystemClock_Config)
    SystemInit                               0x080024e9   Thumb Code     2  system_stm32f1xx.o(i.SystemInit)
    TIM_Base_SetConfig                       0x080024ed   Thumb Code    94  stm32f1xx_hal_tim.o(i.TIM_Base_SetConfig)
    TIM_CCxChannelCmd                        0x08002559   Thumb Code    26  stm32f1xx_hal_tim.o(i.TIM_CCxChannelCmd)
    TIM_OC2_SetConfig                        0x080025c5   Thumb Code    84  stm32f1xx_hal_tim.o(i.TIM_OC2_SetConfig)
    Ultrasonic_GetDistance_FRONT             0x080027d5   Thumb Code   172  ultrasonic.o(i.Ultrasonic_GetDistance_FRONT)
    Ultrasonic_GetDistance_RIGHT             0x08002891   Thumb Code   172  ultrasonic.o(i.Ultrasonic_GetDistance_RIGHT)
    UsageFault_Handler                       0x0800294d   Thumb Code     2  stm32f1xx_it.o(i.UsageFault_Handler)
    __ARM_fpclassify                         0x0800294f   Thumb Code    40  fpclassify.o(i.__ARM_fpclassify)
    _is_digit                                0x08002997   Thumb Code    14  __printf_wp.o(i._is_digit)
    main                                     0x080029a5   Thumb Code   632  main.o(i.main)
    _get_lc_numeric                          0x08002c6d   Thumb Code    44  lc_numeric_c.o(locale$$code)
    __aeabi_dadd                             0x08002c99   Thumb Code     0  daddsub_clz.o(x$fpl$dadd)
    _dadd                                    0x08002c99   Thumb Code   332  daddsub_clz.o(x$fpl$dadd)
    __fpl_dcheck_NaN1                        0x08002de9   Thumb Code    10  dcheck1.o(x$fpl$dcheck1)
    __fpl_dcmp_Inf                           0x08002df9   Thumb Code    24  dcmpi.o(x$fpl$dcmpinf)
    __aeabi_ddiv                             0x08002e11   Thumb Code     0  ddiv.o(x$fpl$ddiv)
    _ddiv                                    0x08002e11   Thumb Code   552  ddiv.o(x$fpl$ddiv)
    __aeabi_d2iz                             0x080030c1   Thumb Code     0  dfix.o(x$fpl$dfix)
    _dfix                                    0x080030c1   Thumb Code    94  dfix.o(x$fpl$dfix)
    __aeabi_i2d                              0x0800311f   Thumb Code     0  dflt_clz.o(x$fpl$dflt)
    _dflt                                    0x0800311f   Thumb Code    46  dflt_clz.o(x$fpl$dflt)
    __aeabi_ui2d                             0x0800314d   Thumb Code     0  dflt_clz.o(x$fpl$dfltu)
    _dfltu                                   0x0800314d   Thumb Code    38  dflt_clz.o(x$fpl$dfltu)
    __aeabi_cdcmple                          0x08003175   Thumb Code     0  dleqf.o(x$fpl$dleqf)
    _dcmple                                  0x08003175   Thumb Code   120  dleqf.o(x$fpl$dleqf)
    __fpl_dcmple_InfNaN                      0x080031d7   Thumb Code     0  dleqf.o(x$fpl$dleqf)
    __aeabi_dmul                             0x080031ed   Thumb Code     0  dmul.o(x$fpl$dmul)
    _dmul                                    0x080031ed   Thumb Code   332  dmul.o(x$fpl$dmul)
    __fpl_dnaninf                            0x08003341   Thumb Code   156  dnaninf.o(x$fpl$dnaninf)
    __fpl_dretinf                            0x080033dd   Thumb Code    12  dretinf.o(x$fpl$dretinf)
    __aeabi_cdrcmple                         0x080033e9   Thumb Code     0  drleqf.o(x$fpl$drleqf)
    _drcmple                                 0x080033e9   Thumb Code   108  drleqf.o(x$fpl$drleqf)
    __aeabi_dsub                             0x08003455   Thumb Code     0  daddsub_clz.o(x$fpl$dsub)
    _dsub                                    0x08003455   Thumb Code   464  daddsub_clz.o(x$fpl$dsub)
    _printf_fp_dec                           0x08003629   Thumb Code     4  printf1.o(x$fpl$printf1)
    __fpl_return_NaN                         0x0800362d   Thumb Code   100  retnan.o(x$fpl$retnan)
    __ARM_scalbn                             0x08003691   Thumb Code    92  scalbn.o(x$fpl$scalbn)
    __fpl_cmpreturn                          0x080036ed   Thumb Code    48  trapv.o(x$fpl$trapveneer)
    AHBPrescTable                            0x0800371c   Data          16  system_stm32f1xx.o(.constdata)
    __I$use$fp                               0x0800371c   Number         0  usenofp.o(x$fpl$usenofp)
    APBPrescTable                            0x0800372c   Data           8  system_stm32f1xx.o(.constdata)
    Region$$Table$$Base                      0x080037c8   Number         0  anon$$obj.o(Region$$Table)
    Region$$Table$$Limit                     0x080037e8   Number         0  anon$$obj.o(Region$$Table)
    uwTickFreq                               0x20000000   Data           1  stm32f1xx_hal.o(.data)
    uwTickPrio                               0x20000004   Data           4  stm32f1xx_hal.o(.data)
    uwTick                                   0x20000008   Data           4  stm32f1xx_hal.o(.data)
    SystemCoreClock                          0x2000000c   Data           4  system_stm32f1xx.o(.data)
    htim2                                    0x20000010   Data          72  tim.o(.bss)
    huart3                                   0x20000058   Data          64  usart.o(.bss)
    __libspace_start                         0x20000098   Data          96  libspace.o(.bss)
    __temporary_stack_top$libspace           0x200000f8   Data           0  libspace.o(.bss)



==============================================================================

Memory Map of the image

  Image Entry point : 0x080000ed

  Load Region LR_IROM1 (Base: 0x08000000, Size: 0x00003814, Max: 0x00010000, ABSOLUTE)

    Execution Region ER_IROM1 (Base: 0x08000000, Size: 0x00003804, Max: 0x00010000, ABSOLUTE)

    Base Addr    Size         Type   Attr      Idx    E Section Name        Object

    0x08000000   0x000000ec   Data   RO            3    RESET               startup_stm32f103xb.o
    0x080000ec   0x00000008   Code   RO         2905  * !!!main             c_w.l(__main.o)
    0x080000f4   0x00000034   Code   RO         3160    !!!scatter          c_w.l(__scatter.o)
    0x08000128   0x0000001a   Code   RO         3162    !!handler_copy      c_w.l(__scatter_copy.o)
    0x08000142   0x00000002   PAD
    0x08000144   0x0000001c   Code   RO         3164    !!handler_zi        c_w.l(__scatter_zi.o)
    0x08000160   0x00000000   Code   RO         2898    .ARM.Collect$$_printf_percent$$00000000  c_w.l(_printf_percent.o)
    0x08000160   0x00000006   Code   RO         2897    .ARM.Collect$$_printf_percent$$00000003  c_w.l(_printf_f.o)
    0x08000166   0x00000006   Code   RO         2896    .ARM.Collect$$_printf_percent$$00000014  c_w.l(_printf_s.o)
    0x0800016c   0x00000004   Code   RO         2948    .ARM.Collect$$_printf_percent$$00000017  c_w.l(_printf_percent_end.o)
    0x08000170   0x00000002   Code   RO         3032    .ARM.Collect$$libinit$$00000000  c_w.l(libinit.o)
    0x08000172   0x00000000   Code   RO         3034    .ARM.Collect$$libinit$$00000002  c_w.l(libinit2.o)
    0x08000172   0x00000000   Code   RO         3036    .ARM.Collect$$libinit$$00000004  c_w.l(libinit2.o)
    0x08000172   0x00000000   Code   RO         3039    .ARM.Collect$$libinit$$0000000A  c_w.l(libinit2.o)
    0x08000172   0x00000000   Code   RO         3041    .ARM.Collect$$libinit$$0000000C  c_w.l(libinit2.o)
    0x08000172   0x00000000   Code   RO         3043    .ARM.Collect$$libinit$$0000000E  c_w.l(libinit2.o)
    0x08000172   0x00000006   Code   RO         3044    .ARM.Collect$$libinit$$0000000F  c_w.l(libinit2.o)
    0x08000178   0x00000000   Code   RO         3046    .ARM.Collect$$libinit$$00000011  c_w.l(libinit2.o)
    0x08000178   0x00000000   Code   RO         3048    .ARM.Collect$$libinit$$00000013  c_w.l(libinit2.o)
    0x08000178   0x00000000   Code   RO         3050    .ARM.Collect$$libinit$$00000015  c_w.l(libinit2.o)
    0x08000178   0x0000000a   Code   RO         3051    .ARM.Collect$$libinit$$00000016  c_w.l(libinit2.o)
    0x08000182   0x00000000   Code   RO         3052    .ARM.Collect$$libinit$$00000017  c_w.l(libinit2.o)
    0x08000182   0x00000000   Code   RO         3054    .ARM.Collect$$libinit$$00000019  c_w.l(libinit2.o)
    0x08000182   0x00000000   Code   RO         3056    .ARM.Collect$$libinit$$0000001B  c_w.l(libinit2.o)
    0x08000182   0x00000000   Code   RO         3058    .ARM.Collect$$libinit$$0000001D  c_w.l(libinit2.o)
    0x08000182   0x00000000   Code   RO         3060    .ARM.Collect$$libinit$$0000001F  c_w.l(libinit2.o)
    0x08000182   0x00000000   Code   RO         3062    .ARM.Collect$$libinit$$00000021  c_w.l(libinit2.o)
    0x08000182   0x00000000   Code   RO         3064    .ARM.Collect$$libinit$$00000023  c_w.l(libinit2.o)
    0x08000182   0x00000000   Code   RO         3066    .ARM.Collect$$libinit$$00000025  c_w.l(libinit2.o)
    0x08000182   0x00000000   Code   RO         3070    .ARM.Collect$$libinit$$0000002C  c_w.l(libinit2.o)
    0x08000182   0x00000000   Code   RO         3072    .ARM.Collect$$libinit$$0000002E  c_w.l(libinit2.o)
    0x08000182   0x00000000   Code   RO         3074    .ARM.Collect$$libinit$$00000030  c_w.l(libinit2.o)
    0x08000182   0x00000000   Code   RO         3076    .ARM.Collect$$libinit$$00000032  c_w.l(libinit2.o)
    0x08000182   0x00000002   Code   RO         3077    .ARM.Collect$$libinit$$00000033  c_w.l(libinit2.o)
    0x08000184   0x00000002   Code   RO         3109    .ARM.Collect$$libshutdown$$00000000  c_w.l(libshutdown.o)
    0x08000186   0x00000000   Code   RO         3121    .ARM.Collect$$libshutdown$$00000003  c_w.l(libshutdown2.o)
    0x08000186   0x00000000   Code   RO         3124    .ARM.Collect$$libshutdown$$00000006  c_w.l(libshutdown2.o)
    0x08000186   0x00000000   Code   RO         3127    .ARM.Collect$$libshutdown$$00000009  c_w.l(libshutdown2.o)
    0x08000186   0x00000000   Code   RO         3129    .ARM.Collect$$libshutdown$$0000000B  c_w.l(libshutdown2.o)
    0x08000186   0x00000000   Code   RO         3132    .ARM.Collect$$libshutdown$$0000000E  c_w.l(libshutdown2.o)
    0x08000186   0x00000002   Code   RO         3133    .ARM.Collect$$libshutdown$$0000000F  c_w.l(libshutdown2.o)
    0x08000188   0x00000000   Code   RO         2937    .ARM.Collect$$rtentry$$00000000  c_w.l(__rtentry.o)
    0x08000188   0x00000000   Code   RO         2959    .ARM.Collect$$rtentry$$00000002  c_w.l(__rtentry2.o)
    0x08000188   0x00000006   Code   RO         2971    .ARM.Collect$$rtentry$$00000004  c_w.l(__rtentry4.o)
    0x0800018e   0x00000000   Code   RO         2961    .ARM.Collect$$rtentry$$00000009  c_w.l(__rtentry2.o)
    0x0800018e   0x00000004   Code   RO         2962    .ARM.Collect$$rtentry$$0000000A  c_w.l(__rtentry2.o)
    0x08000192   0x00000000   Code   RO         2964    .ARM.Collect$$rtentry$$0000000C  c_w.l(__rtentry2.o)
    0x08000192   0x00000008   Code   RO         2965    .ARM.Collect$$rtentry$$0000000D  c_w.l(__rtentry2.o)
    0x0800019a   0x00000002   Code   RO         3080    .ARM.Collect$$rtexit$$00000000  c_w.l(rtexit.o)
    0x0800019c   0x00000000   Code   RO         3087    .ARM.Collect$$rtexit$$00000002  c_w.l(rtexit2.o)
    0x0800019c   0x00000004   Code   RO         3088    .ARM.Collect$$rtexit$$00000003  c_w.l(rtexit2.o)
    0x080001a0   0x00000006   Code   RO         3089    .ARM.Collect$$rtexit$$00000004  c_w.l(rtexit2.o)
    0x080001a6   0x00000002   PAD
    0x080001a8   0x00000040   Code   RO            4    .text               startup_stm32f103xb.o
    0x080001e8   0x00000034   Code   RO         2870    .text               c_w.l(noretval__2snprintf.o)
    0x0800021c   0x00000052   Code   RO         2874    .text               c_w.l(_printf_str.o)
    0x0800026e   0x0000010e   Code   RO         2884    .text               c_w.l(__printf_wp.o)
    0x0800037c   0x0000003e   Code   RO         2899    .text               c_w.l(strlen.o)
    0x080003ba   0x0000004e   Code   RO         2901    .text               c_w.l(rt_memclr_w.o)
    0x08000408   0x00000006   Code   RO         2903    .text               c_w.l(heapauxi.o)
    0x0800040e   0x0000041a   Code   RO         2938    .text               c_w.l(_printf_fp_dec.o)
    0x08000828   0x00000030   Code   RO         2940    .text               c_w.l(_printf_char_common.o)
    0x08000858   0x0000000a   Code   RO         2942    .text               c_w.l(_sputc.o)
    0x08000862   0x00000010   Code   RO         2944    .text               c_w.l(_snputc.o)
    0x08000872   0x0000002c   Code   RO         2946    .text               c_w.l(_printf_char.o)
    0x0800089e   0x00000002   PAD
    0x080008a0   0x00000008   Code   RO         2976    .text               c_w.l(rt_locale_intlibspace.o)
    0x080008a8   0x0000008a   Code   RO         2978    .text               c_w.l(lludiv10.o)
    0x08000932   0x00000002   PAD
    0x08000934   0x00000080   Code   RO         2980    .text               c_w.l(_printf_fp_infnan.o)
    0x080009b4   0x000000dc   Code   RO         2984    .text               c_w.l(bigflt0.o)
    0x08000a90   0x00000008   Code   RO         3018    .text               c_w.l(libspace.o)
    0x08000a98   0x0000004a   Code   RO         3021    .text               c_w.l(sys_stackheap_outer.o)
    0x08000ae2   0x0000000c   Code   RO         3023    .text               c_w.l(exit.o)
    0x08000aee   0x00000002   PAD
    0x08000af0   0x00000080   Code   RO         3025    .text               c_w.l(strcmpv7m.o)
    0x08000b70   0x0000000c   Code   RO         3099    .text               c_w.l(sys_exit.o)
    0x08000b7c   0x00000002   Code   RO         3110    .text               c_w.l(use_no_semi.o)
    0x08000b7e   0x00000000   Code   RO         3112    .text               c_w.l(indicate_semi.o)
    0x08000b7e   0x0000003e   Code   RO         2987    CL$$btod_d2e        c_w.l(btod.o)
    0x08000bbc   0x00000046   Code   RO         2989    CL$$btod_d2e_denorm_low  c_w.l(btod.o)
    0x08000c02   0x00000060   Code   RO         2988    CL$$btod_d2e_norm_op1  c_w.l(btod.o)
    0x08000c62   0x00000338   Code   RO         2997    CL$$btod_div_common  c_w.l(btod.o)
    0x08000f9a   0x000000c6   Code   RO         2994    CL$$btod_e2e        c_w.l(btod.o)
    0x08001060   0x00000028   Code   RO         2991    CL$$btod_ediv       c_w.l(btod.o)
    0x08001088   0x00000028   Code   RO         2990    CL$$btod_emul       c_w.l(btod.o)
    0x080010b0   0x00000244   Code   RO         2996    CL$$btod_mult_common  c_w.l(btod.o)
    0x080012f4   0x00000024   Code   RO          197    i.Bluetooth_Init    blue_tooth.o
    0x08001318   0x00000010   Code   RO          198    i.Bluetooth_Receive  blue_tooth.o
    0x08001328   0x000000b4   Code   RO          199    i.Bluetooth_Receive_PID  blue_tooth.o
    0x080013dc   0x00000038   Code   RO          200    i.Bluetooth_SendDouble  blue_tooth.o
    0x08001414   0x00000050   Code   RO          201    i.Bluetooth_SendPID  blue_tooth.o
    0x08001464   0x00000034   Code   RO          203    i.Bluetooth_SendString  blue_tooth.o
    0x08001498   0x00000002   Code   RO          425    i.BusFault_Handler  stm32f1xx_it.o
    0x0800149a   0x00000002   PAD
    0x0800149c   0x00000024   Code   RO          270    i.DWT_Init          main.o
    0x080014c0   0x00000002   Code   RO          426    i.DebugMon_Handler  stm32f1xx_it.o
    0x080014c2   0x00000002   PAD
    0x080014c4   0x00000028   Code   RO          147    i.Delay_us          ultrasonic.o
    0x080014ec   0x00000004   Code   RO          271    i.Error_Handler     main.o
    0x080014f0   0x00000048   Code   RO          149    i.GetDistance_Right  ultrasonic.o
    0x08001538   0x00000024   Code   RO         1540    i.HAL_Delay         stm32f1xx_hal.o
    0x0800155c   0x000001e0   Code   RO         1848    i.HAL_GPIO_Init     stm32f1xx_hal_gpio.o
    0x0800173c   0x0000000a   Code   RO         1850    i.HAL_GPIO_ReadPin  stm32f1xx_hal_gpio.o
    0x08001746   0x0000000a   Code   RO         1852    i.HAL_GPIO_WritePin  stm32f1xx_hal_gpio.o
    0x08001750   0x0000000c   Code   RO         1544    i.HAL_GetTick       stm32f1xx_hal.o
    0x0800175c   0x00000010   Code   RO         1550    i.HAL_IncTick       stm32f1xx_hal.o
    0x0800176c   0x00000024   Code   RO         1551    i.HAL_Init          stm32f1xx_hal.o
    0x08001790   0x00000040   Code   RO         1552    i.HAL_InitTick      stm32f1xx_hal.o
    0x080017d0   0x0000003c   Code   RO          500    i.HAL_MspInit       stm32f1xx_hal_msp.o
    0x0800180c   0x00000040   Code   RO         2014    i.HAL_NVIC_SetPriority  stm32f1xx_hal_cortex.o
    0x0800184c   0x00000024   Code   RO         2015    i.HAL_NVIC_SetPriorityGrouping  stm32f1xx_hal_cortex.o
    0x08001870   0x0000012c   Code   RO         1708    i.HAL_RCC_ClockConfig  stm32f1xx_hal_rcc.o
    0x0800199c   0x0000000c   Code   RO         1713    i.HAL_RCC_GetHCLKFreq  stm32f1xx_hal_rcc.o
    0x080019a8   0x00000020   Code   RO         1715    i.HAL_RCC_GetPCLK1Freq  stm32f1xx_hal_rcc.o
    0x080019c8   0x00000020   Code   RO         1716    i.HAL_RCC_GetPCLK2Freq  stm32f1xx_hal_rcc.o
    0x080019e8   0x0000006c   Code   RO         1717    i.HAL_RCC_GetSysClockFreq  stm32f1xx_hal_rcc.o
    0x08001a54   0x00000320   Code   RO         1720    i.HAL_RCC_OscConfig  stm32f1xx_hal_rcc.o
    0x08001d74   0x00000028   Code   RO         2019    i.HAL_SYSTICK_Config  stm32f1xx_hal_cortex.o
    0x08001d9c   0x00000068   Code   RO         1285    i.HAL_TIMEx_MasterConfigSynchronization  stm32f1xx_hal_tim_ex.o
    0x08001e04   0x00000048   Code   RO          335    i.HAL_TIM_MspPostInit  tim.o
    0x08001e4c   0x000000c6   Code   RO          634    i.HAL_TIM_PWM_ConfigChannel  stm32f1xx_hal_tim.o
    0x08001f12   0x0000005a   Code   RO          637    i.HAL_TIM_PWM_Init  stm32f1xx_hal_tim.o
    0x08001f6c   0x00000024   Code   RO          337    i.HAL_TIM_PWM_MspInit  tim.o
    0x08001f90   0x0000009c   Code   RO          642    i.HAL_TIM_PWM_Start  stm32f1xx_hal_tim.o
    0x0800202c   0x00000062   Code   RO         2533    i.HAL_UART_Init     stm32f1xx_hal_uart.o
    0x0800208e   0x00000002   PAD
    0x08002090   0x00000070   Code   RO          384    i.HAL_UART_MspInit  usart.o
    0x08002100   0x000000bc   Code   RO         2536    i.HAL_UART_Receive  stm32f1xx_hal_uart.o
    0x080021bc   0x000000b2   Code   RO         2541    i.HAL_UART_Transmit  stm32f1xx_hal_uart.o
    0x0800226e   0x00000002   Code   RO          427    i.HardFault_Handler  stm32f1xx_it.o
    0x08002270   0x00000090   Code   RO          311    i.MX_GPIO_Init      gpio.o
    0x08002300   0x000000a0   Code   RO          338    i.MX_TIM2_Init      tim.o
    0x080023a0   0x00000038   Code   RO          385    i.MX_USART3_UART_Init  usart.o
    0x080023d8   0x00000002   Code   RO          428    i.MemManage_Handler  stm32f1xx_it.o
    0x080023da   0x00000002   PAD
    0x080023dc   0x0000002c   Code   RO           13    i.Motor_Init        motor.o
    0x08002408   0x0000003c   Code   RO           14    i.Motor_Left        motor.o
    0x08002444   0x0000003c   Code   RO           15    i.Motor_Right       motor.o
    0x08002480   0x00000002   Code   RO          429    i.NMI_Handler       stm32f1xx_it.o
    0x08002482   0x00000002   Code   RO          430    i.PendSV_Handler    stm32f1xx_it.o
    0x08002484   0x00000002   Code   RO          431    i.SVC_Handler       stm32f1xx_it.o
    0x08002486   0x00000004   Code   RO          432    i.SysTick_Handler   stm32f1xx_it.o
    0x0800248a   0x0000005e   Code   RO          272    i.SystemClock_Config  main.o
    0x080024e8   0x00000002   Code   RO         2830    i.SystemInit        system_stm32f1xx.o
    0x080024ea   0x00000002   PAD
    0x080024ec   0x0000006c   Code   RO          655    i.TIM_Base_SetConfig  stm32f1xx_hal_tim.o
    0x08002558   0x0000001a   Code   RO          656    i.TIM_CCxChannelCmd  stm32f1xx_hal_tim.o
    0x08002572   0x00000002   PAD
    0x08002574   0x00000050   Code   RO          668    i.TIM_OC1_SetConfig  stm32f1xx_hal_tim.o
    0x080025c4   0x00000058   Code   RO          669    i.TIM_OC2_SetConfig  stm32f1xx_hal_tim.o
    0x0800261c   0x00000058   Code   RO          670    i.TIM_OC3_SetConfig  stm32f1xx_hal_tim.o
    0x08002674   0x00000044   Code   RO          671    i.TIM_OC4_SetConfig  stm32f1xx_hal_tim.o
    0x080026b8   0x000000b8   Code   RO         2559    i.UART_SetConfig    stm32f1xx_hal_uart.o
    0x08002770   0x00000064   Code   RO         2560    i.UART_WaitOnFlagUntilTimeout  stm32f1xx_hal_uart.o
    0x080027d4   0x000000bc   Code   RO          150    i.Ultrasonic_GetDistance_FRONT  ultrasonic.o
    0x08002890   0x000000bc   Code   RO          151    i.Ultrasonic_GetDistance_RIGHT  ultrasonic.o
    0x0800294c   0x00000002   Code   RO          433    i.UsageFault_Handler  stm32f1xx_it.o
    0x0800294e   0x00000028   Code   RO         3016    i.__ARM_fpclassify  m_ws.l(fpclassify.o)
    0x08002976   0x00000020   Code   RO         2021    i.__NVIC_SetPriority  stm32f1xx_hal_cortex.o
    0x08002996   0x0000000e   Code   RO         2886    i._is_digit         c_w.l(__printf_wp.o)
    0x080029a4   0x000002c8   Code   RO          273    i.main              main.o
    0x08002c6c   0x0000002c   Code   RO         3010    locale$$code        c_w.l(lc_numeric_c.o)
    0x08002c98   0x00000150   Code   RO         2907    x$fpl$dadd          fz_ws.l(daddsub_clz.o)
    0x08002de8   0x00000010   Code   RO         2949    x$fpl$dcheck1       fz_ws.l(dcheck1.o)
    0x08002df8   0x00000018   Code   RO         2951    x$fpl$dcmpinf       fz_ws.l(dcmpi.o)
    0x08002e10   0x000002b0   Code   RO         2914    x$fpl$ddiv          fz_ws.l(ddiv.o)
    0x080030c0   0x0000005e   Code   RO         2917    x$fpl$dfix          fz_ws.l(dfix.o)
    0x0800311e   0x0000002e   Code   RO         2922    x$fpl$dflt          fz_ws.l(dflt_clz.o)
    0x0800314c   0x00000026   Code   RO         2921    x$fpl$dfltu         fz_ws.l(dflt_clz.o)
    0x08003172   0x00000002   PAD
    0x08003174   0x00000078   Code   RO         2927    x$fpl$dleqf         fz_ws.l(dleqf.o)
    0x080031ec   0x00000154   Code   RO         2929    x$fpl$dmul          fz_ws.l(dmul.o)
    0x08003340   0x0000009c   Code   RO         2953    x$fpl$dnaninf       fz_ws.l(dnaninf.o)
    0x080033dc   0x0000000c   Code   RO         2955    x$fpl$dretinf       fz_ws.l(dretinf.o)
    0x080033e8   0x0000006c   Code   RO         2931    x$fpl$drleqf        fz_ws.l(drleqf.o)
    0x08003454   0x000001d4   Code   RO         2909    x$fpl$dsub          fz_ws.l(daddsub_clz.o)
    0x08003628   0x00000004   Code   RO         2933    x$fpl$printf1       fz_ws.l(printf1.o)
    0x0800362c   0x00000064   Code   RO         3014    x$fpl$retnan        fz_ws.l(retnan.o)
    0x08003690   0x0000005c   Code   RO         2935    x$fpl$scalbn        fz_ws.l(scalbn.o)
    0x080036ec   0x00000030   Code   RO         3078    x$fpl$trapveneer    fz_ws.l(trapv.o)
    0x0800371c   0x00000000   Code   RO         2957    x$fpl$usenofp       fz_ws.l(usenofp.o)
    0x0800371c   0x00000010   Data   RO         2831    .constdata          system_stm32f1xx.o
    0x0800372c   0x00000008   Data   RO         2832    .constdata          system_stm32f1xx.o
    0x08003734   0x00000094   Data   RO         2985    .constdata          c_w.l(bigflt0.o)
    0x080037c8   0x00000020   Data   RO         3158    Region$$Table       anon$$obj.o
    0x080037e8   0x0000001c   Data   RO         3009    locale$$data        c_w.l(lc_numeric_c.o)


    Execution Region RW_IRAM1 (Base: 0x20000000, Size: 0x000006f8, Max: 0x00005000, ABSOLUTE)

    Base Addr    Size         Type   Attr      Idx    E Section Name        Object

    0x20000000   0x0000000c   Data   RW         1558    .data               stm32f1xx_hal.o
    0x2000000c   0x00000004   Data   RW         2833    .data               system_stm32f1xx.o
    0x20000010   0x00000048   Zero   RW          339    .bss                tim.o
    0x20000058   0x00000040   Zero   RW          386    .bss                usart.o
    0x20000098   0x00000060   Zero   RW         3019    .bss                c_w.l(libspace.o)
    0x200000f8   0x00000200   Zero   RW            2    HEAP                startup_stm32f103xb.o
    0x200002f8   0x00000400   Zero   RW            1    STACK               startup_stm32f103xb.o


==============================================================================

Image component sizes


      Code (inc. data)   RO Data    RW Data    ZI Data      Debug   Object Name

       420        104          0          0          0       3617   blue_tooth.o
       144          8          0          0          0        947   gpio.o
       846         90          0          0          0       3057   main.o
       164         14          0          0          0     425900   motor.o
        64         26        236          0       1536        804   startup_stm32f103xb.o
       164         28          0         12          0       5777   stm32f1xx_hal.o
       172         14          0          0          0      27950   stm32f1xx_hal_cortex.o
       500         34          0          0          0       3111   stm32f1xx_hal_gpio.o
        60          8          0          0          0        858   stm32f1xx_hal_msp.o
      1284        106          0          0          0       5328   stm32f1xx_hal_rcc.o
       902         46          0          0          0       7230   stm32f1xx_hal_tim.o
       104         12          0          0          0       1256   stm32f1xx_hal_tim_ex.o
       748          6          0          0          0       4335   stm32f1xx_hal_uart.o
        20          0          0          0          0       3806   stm32f1xx_it.o
         2          0         24          4          0       1095   system_stm32f1xx.o
       268         22          0          0         72       2175   tim.o
       488         56          0          0          0       2874   ultrasonic.o
       168         20          0          0         64       1622   usart.o

    ----------------------------------------------------------------------
      6530        594        292         16       1672     501742   Object Totals
         0          0         32          0          0          0   (incl. Generated)
        12          0          0          0          0          0   (incl. Padding)

    ----------------------------------------------------------------------

      Code (inc. data)   RO Data    RW Data    ZI Data      Debug   Library Member Name

         8          0          0          0          0         68   __main.o
       284          0          0          0          0        156   __printf_wp.o
         0          0          0          0          0          0   __rtentry.o
        12          0          0          0          0          0   __rtentry2.o
         6          0          0          0          0          0   __rtentry4.o
        52          8          0          0          0          0   __scatter.o
        26          0          0          0          0          0   __scatter_copy.o
        28          0          0          0          0          0   __scatter_zi.o
        44          0          0          0          0        108   _printf_char.o
        48          6          0          0          0         96   _printf_char_common.o
         6          0          0          0          0          0   _printf_f.o
      1050          0          0          0          0        216   _printf_fp_dec.o
       128         16          0          0          0         84   _printf_fp_infnan.o
         0          0          0          0          0          0   _printf_percent.o
         4          0          0          0          0          0   _printf_percent_end.o
         6          0          0          0          0          0   _printf_s.o
        82          0          0          0          0         80   _printf_str.o
        16          0          0          0          0         68   _snputc.o
        10          0          0          0          0         68   _sputc.o
       220          4        148          0          0         96   bigflt0.o
      1910        128          0          0          0        672   btod.o
        12          0          0          0          0         72   exit.o
         6          0          0          0          0        152   heapauxi.o
         0          0          0          0          0          0   indicate_semi.o
        44         10         28          0          0         76   lc_numeric_c.o
         2          0          0          0          0          0   libinit.o
        18          0          0          0          0          0   libinit2.o
         2          0          0          0          0          0   libshutdown.o
         2          0          0          0          0          0   libshutdown2.o
         8          4          0          0         96         68   libspace.o
       138          0          0          0          0         80   lludiv10.o
        52          4          0          0          0         84   noretval__2snprintf.o
         8          4          0          0          0         68   rt_locale_intlibspace.o
        78          0          0          0          0         80   rt_memclr_w.o
         2          0          0          0          0          0   rtexit.o
        10          0          0          0          0          0   rtexit2.o
       128          0          0          0          0         68   strcmpv7m.o
        62          0          0          0          0         76   strlen.o
        12          4          0          0          0         68   sys_exit.o
        74          0          0          0          0         80   sys_stackheap_outer.o
         2          0          0          0          0         68   use_no_semi.o
       804         16          0          0          0        272   daddsub_clz.o
        16          4          0          0          0         68   dcheck1.o
        24          0          0          0          0         68   dcmpi.o
       688        140          0          0          0        208   ddiv.o
        94          4          0          0          0         92   dfix.o
        84          0          0          0          0        136   dflt_clz.o
       120          4          0          0          0         92   dleqf.o
       340         12          0          0          0        104   dmul.o
       156          4          0          0          0         92   dnaninf.o
        12          0          0          0          0         68   dretinf.o
       108          0          0          0          0         80   drleqf.o
         4          0          0          0          0         68   printf1.o
       100          0          0          0          0         68   retnan.o
        92          0          0          0          0         68   scalbn.o
        48          0          0          0          0         68   trapv.o
         0          0          0          0          0          0   usenofp.o
        40          0          0          0          0         68   fpclassify.o

    ----------------------------------------------------------------------
      7342        372        176          0         96       4372   Library Totals
        12          0          0          0          0          0   (incl. Padding)

    ----------------------------------------------------------------------

      Code (inc. data)   RO Data    RW Data    ZI Data      Debug   Library Name

      4600        188        176          0         96       2752   c_w.l
      2690        184          0          0          0       1552   fz_ws.l
        40          0          0          0          0         68   m_ws.l

    ----------------------------------------------------------------------
      7342        372        176          0         96       4372   Library Totals

    ----------------------------------------------------------------------

==============================================================================


      Code (inc. data)   RO Data    RW Data    ZI Data      Debug   

     13872        966        468         16       1768     500494   Grand Totals
     13872        966        468         16       1768     500494   ELF Image Totals
     13872        966        468         16          0          0   ROM Totals

==============================================================================

    Total RO  Size (Code + RO Data)                14340 (  14.00kB)
    Total RW  Size (RW Data + ZI Data)              1784 (   1.74kB)
    Total ROM Size (Code + RO Data + RW Data)      14356 (  14.02kB)

==============================================================================

